Using pre-set license
Built from '2021.3/staging' branch; Version is '2021.3.9f1 (ad3870b89536) revision 11352176'; Using compiler version '192829333'; Build Type 'Release'
OS: 'Windows 10  (10.0.19044) 64bit Education' Language: 'en' Physical Memory: 8077 MB
BatchMode: 1, IsHumanControllingUs: 0, StartBugReporterOnCrash: 0, Is64bit: 1, IsPro: 1

COMMAND LINE ARGUMENTS:
C:\Program Files\Unity\Hub\Editor\2021.3.9f1\Editor\Unity.exe
-adb2
-batchMode
-noUpm
-name
AssetImportWorker2
-projectPath
C:/Users/J/Documents/GitHub/Senses
-logFile
Logs/AssetImportWorker2.log
-srvPort
65254
Successfully changed project path to: C:/Users/J/Documents/GitHub/Senses
C:/Users/J/Documents/GitHub/Senses
[UnityMemory] Configuration Parameters - Can be set up in boot.config
    "memorysetup-bucket-allocator-granularity=16"
    "memorysetup-bucket-allocator-bucket-count=8"
    "memorysetup-bucket-allocator-block-size=33554432"
    "memorysetup-bucket-allocator-block-count=8"
    "memorysetup-main-allocator-block-size=16777216"
    "memorysetup-thread-allocator-block-size=16777216"
    "memorysetup-gfx-main-allocator-block-size=16777216"
    "memorysetup-gfx-thread-allocator-block-size=16777216"
    "memorysetup-cache-allocator-block-size=4194304"
    "memorysetup-typetree-allocator-block-size=2097152"
    "memorysetup-profiler-bucket-allocator-granularity=16"
    "memorysetup-profiler-bucket-allocator-bucket-count=8"
    "memorysetup-profiler-bucket-allocator-block-size=33554432"
    "memorysetup-profiler-bucket-allocator-block-count=8"
    "memorysetup-profiler-allocator-block-size=16777216"
    "memorysetup-profiler-editor-allocator-block-size=1048576"
    "memorysetup-temp-allocator-size-main=16777216"
    "memorysetup-job-temp-allocator-block-size=2097152"
    "memorysetup-job-temp-allocator-block-size-background=1048576"
    "memorysetup-job-temp-allocator-reduction-small-platforms=262144"
    "memorysetup-temp-allocator-size-background-worker=32768"
    "memorysetup-temp-allocator-size-job-worker=262144"
    "memorysetup-temp-allocator-size-preload-manager=33554432"
    "memorysetup-temp-allocator-size-nav-mesh-worker=65536"
    "memorysetup-temp-allocator-size-audio-worker=65536"
    "memorysetup-temp-allocator-size-cloud-worker=32768"
    "memorysetup-temp-allocator-size-gi-baking-worker=262144"
    "memorysetup-temp-allocator-size-gfx=262144"
Refreshing native plugins compatible for Editor in 112.07 ms, found 3 plugins.
Preloading 0 native plugins for Editor in 0.00 ms.
Initialize engine version: 2021.3.9f1 (ad3870b89536)
[Subsystems] Discovering subsystems at path C:/Program Files/Unity/Hub/Editor/2021.3.9f1/Editor/Data/Resources/UnitySubsystems
[Subsystems] Discovering subsystems at path C:/Users/J/Documents/GitHub/Senses/Assets
GfxDevice: creating device client; threaded=0; jobified=0
Direct3D:
    Version:  Direct3D 11.0 [level 11.1]
    Renderer: Radeon (TM) RX 470 Graphics (ID=0x67df)
    Vendor:   ATI
    VRAM:     4075 MB
    Driver:   30.0.13023.4001
Initialize mono
Mono path[0] = 'C:/Program Files/Unity/Hub/Editor/2021.3.9f1/Editor/Data/Managed'
Mono path[1] = 'C:/Program Files/Unity/Hub/Editor/2021.3.9f1/Editor/Data/MonoBleedingEdge/lib/mono/unityjit-win32'
Mono config path = 'C:/Program Files/Unity/Hub/Editor/2021.3.9f1/Editor/Data/MonoBleedingEdge/etc'
Using monoOptions --debugger-agent=transport=dt_socket,embedding=1,server=y,suspend=n,address=127.0.0.1:56852
Begin MonoManager ReloadAssembly
Registering precompiled unity dll's ...
Register platform support module: C:/Program Files/Unity/Hub/Editor/2021.3.9f1/Editor/Data/PlaybackEngines/WebGLSupport/UnityEditor.WebGL.Extensions.dll
Register platform support module: C:/Program Files/Unity/Hub/Editor/2021.3.9f1/Editor/Data/PlaybackEngines/WindowsStandaloneSupport/UnityEditor.WindowsStandalone.Extensions.dll
Registered in 0.010229 seconds.
Native extension for WindowsStandalone target not found
Native extension for WebGL target not found
Refreshing native plugins compatible for Editor in 107.61 ms, found 3 plugins.
Preloading 0 native plugins for Editor in 0.00 ms.
Mono: successfully reloaded assembly
- Completed reload, in  0.807 seconds
Domain Reload Profiling:
	ReloadAssembly (807ms)
		BeginReloadAssembly (89ms)
			ExecutionOrderSort (0ms)
			DisableScriptedObjects (0ms)
			BackupInstance (0ms)
			ReleaseScriptingObjects (0ms)
			CreateAndSetChildDomain (1ms)
		EndReloadAssembly (580ms)
			LoadAssemblies (86ms)
			RebuildTransferFunctionScriptingTraits (0ms)
			SetupTypeCache (129ms)
			ReleaseScriptCaches (0ms)
			RebuildScriptCaches (36ms)
			SetupLoadedEditorAssemblies (353ms)
				LogAssemblyErrors (0ms)
				InitializePlatformSupportModulesInManaged (12ms)
				SetLoadedEditorAssemblies (0ms)
				RefreshPlugins (108ms)
				BeforeProcessingInitializeOnLoad (1ms)
				ProcessInitializeOnLoadAttributes (174ms)
				ProcessInitializeOnLoadMethodAttributes (58ms)
				AfterProcessingInitializeOnLoad (0ms)
				EditorAssembliesLoaded (0ms)
			ExecutionOrderSort2 (0ms)
			AwakeInstancesAfterBackupRestoration (0ms)
Platform modules already initialized, skipping
Registering precompiled user dll's ...
Registered in 0.007736 seconds.
Begin MonoManager ReloadAssembly
Symbol file LoadedFromMemory doesn't match image C:\Users\J\Documents\GitHub\Senses\Library\PackageCache\com.unity.visualscripting@1.7.8\Editor\VisualScripting.Core\Dependencies\YamlDotNet\Unity.VisualScripting.YamlDotNet.dll
Symbol file LoadedFromMemory doesn't match image C:\Users\J\Documents\GitHub\Senses\Library\PackageCache\com.unity.visualscripting@1.7.8\Editor\VisualScripting.Core\Dependencies\DotNetZip\Unity.VisualScripting.IonicZip.dll
Native extension for WindowsStandalone target not found
Native extension for WebGL target not found
Refreshing native plugins compatible for Editor in 108.42 ms, found 3 plugins.
Preloading 0 native plugins for Editor in 0.00 ms.
Mono: successfully reloaded assembly
- Completed reload, in  3.289 seconds
Domain Reload Profiling:
	ReloadAssembly (3290ms)
		BeginReloadAssembly (139ms)
			ExecutionOrderSort (0ms)
			DisableScriptedObjects (8ms)
			BackupInstance (0ms)
			ReleaseScriptingObjects (0ms)
			CreateAndSetChildDomain (21ms)
		EndReloadAssembly (2854ms)
			LoadAssemblies (1342ms)
			RebuildTransferFunctionScriptingTraits (0ms)
			SetupTypeCache (344ms)
			ReleaseScriptCaches (1ms)
			RebuildScriptCaches (75ms)
			SetupLoadedEditorAssemblies (1044ms)
				LogAssemblyErrors (0ms)
				InitializePlatformSupportModulesInManaged (8ms)
				SetLoadedEditorAssemblies (0ms)
				RefreshPlugins (108ms)
				BeforeProcessingInitializeOnLoad (116ms)
				ProcessInitializeOnLoadAttributes (756ms)
				ProcessInitializeOnLoadMethodAttributes (45ms)
				AfterProcessingInitializeOnLoad (10ms)
				EditorAssembliesLoaded (0ms)
			ExecutionOrderSort2 (0ms)
			AwakeInstancesAfterBackupRestoration (8ms)
Platform modules already initialized, skipping
========================================================================
Worker process is ready to serve import requests
Launched and connected shader compiler UnityShaderCompiler.exe after 0.17 seconds
Refreshing native plugins compatible for Editor in 0.95 ms, found 3 plugins.
Preloading 0 native plugins for Editor in 0.00 ms.
Unloading 3921 Unused Serialized files (Serialized files now loaded: 0)
Unloading 43 unused Assets / (159.7 KB). Loaded Objects now: 4401.
Memory consumption went from 154.2 MB to 154.0 MB.
Total: 4.005000 ms (FindLiveObjects: 0.392600 ms CreateObjectMapping: 0.190200 ms MarkObjects: 3.266900 ms  DeleteObjects: 0.154000 ms)

AssetImportParameters requested are different than current active one (requested -> active):
  custom:video-decoder-ogg-theora: a1e56fd34408186e4bbccfd4996cb3dc -> 
  custom:container-muxer-webm: aa71ff27fc2769a1b78a27578f13a17b -> 
  custom:container-demuxer-webm: 4f35f7cbe854078d1ac9338744f61a02 -> 
  custom:video-encoder-webm-vp8: eb34c28f22e8b96e1ab97ce403110664 -> 
  custom:audio-encoder-webm-vorbis: bf7c407c2cedff20999df2af8eb42d56 -> 
  custom:framework-win-MediaFoundation: 216162199b28c13a410421893ffa2e32 -> 
  custom:container-demuxer-ogg: 62fdf1f143b41e24485cea50d1cbac27 -> 
  custom:video-decoder-webm-vp8: 9c59270c3fd7afecdb556c50c9e8de78 -> 
  custom:audio-decoder-ogg-vorbis: bf7c407c2cedff20999df2af8eb42d56 -> 
========================================================================
Received Import Request.
  Time since last request: 52321.933827 seconds.
  path: Assets/art assets/Level 1 Monster Pack/Images/Ghost/Ghost_Violet.png
  artifactKey: Guid(7fa4018221bb31a4b983173f69c53768) Importer(815301076,1909f56bfc062723c751e8b465ee728b)
Start importing Assets/art assets/Level 1 Monster Pack/Images/Ghost/Ghost_Violet.png using Guid(7fa4018221bb31a4b983173f69c53768) Importer(815301076,1909f56bfc062723c751e8b465ee728b)  -> (artifact id: '4f8d731867e4d5c40d2ffa125a74e677') in 0.491410 seconds 
========================================================================
Received Import Request.
  Time since last request: 0.000027 seconds.
  path: Assets/art assets/Level 1 Monster Pack/Images/Ghost
  artifactKey: Guid(996f2823a025a6547bf4dbfa5946ff11) Importer(815301076,1909f56bfc062723c751e8b465ee728b)
Start importing Assets/art assets/Level 1 Monster Pack/Images/Ghost using Guid(996f2823a025a6547bf4dbfa5946ff11) Importer(815301076,1909f56bfc062723c751e8b465ee728b)  -> (artifact id: 'dcb027beb1e20ac3a5a026655ff61048') in 0.007085 seconds 
========================================================================
Received Import Request.
  Time since last request: 0.000043 seconds.
  path: Assets/art assets/Level 1 Monster Pack/Images/Ghost/Ghost_White.png
  artifactKey: Guid(eb0b3e636cabb6748bc5032baff622de) Importer(815301076,1909f56bfc062723c751e8b465ee728b)
Start importing Assets/art assets/Level 1 Monster Pack/Images/Ghost/Ghost_White.png using Guid(eb0b3e636cabb6748bc5032baff622de) Importer(815301076,1909f56bfc062723c751e8b465ee728b)  -> (artifact id: '6666142258f2c4019045ad7d2ce54a0c') in 0.118689 seconds 
========================================================================
Received Import Request.
  Time since last request: 0.000025 seconds.
  path: Assets/art assets/Level 1 Monster Pack/Scenes
  artifactKey: Guid(7e7c94d9148a2e74eb7ac2829eec7297) Importer(815301076,1909f56bfc062723c751e8b465ee728b)
Start importing Assets/art assets/Level 1 Monster Pack/Scenes using Guid(7e7c94d9148a2e74eb7ac2829eec7297) Importer(815301076,1909f56bfc062723c751e8b465ee728b)  -> (artifact id: 'ef40d7c77b9d9b3bc4ac0f1fdeef8c4a') in 0.015376 seconds 
========================================================================
Received Import Request.
  Time since last request: 5.736936 seconds.
  path: Assets/art assets/Level 1 Monster Pack/Images/Bat
  artifactKey: Guid(5cdbf9a1993723b449d2a95a7dcd29aa) Importer(815301076,1909f56bfc062723c751e8b465ee728b)
Start importing Assets/art assets/Level 1 Monster Pack/Images/Bat using Guid(5cdbf9a1993723b449d2a95a7dcd29aa) Importer(815301076,1909f56bfc062723c751e8b465ee728b)  -> (artifact id: '2a6ead6c3b560d07a8505bd202f79e65') in 0.016254 seconds 
========================================================================
Received Import Request.
  Time since last request: 0.000031 seconds.
  path: Assets/art assets/Level 1 Monster Pack/Images/Bat/Bat_Color2.jpg
  artifactKey: Guid(5b40a8a0e357b324cb24a63e5ab9897a) Importer(815301076,1909f56bfc062723c751e8b465ee728b)
Start importing Assets/art assets/Level 1 Monster Pack/Images/Bat/Bat_Color2.jpg using Guid(5b40a8a0e357b324cb24a63e5ab9897a) Importer(815301076,1909f56bfc062723c751e8b465ee728b)  -> (artifact id: '2b55c04066f0c362838c50f5ca737356') in 0.132888 seconds 
========================================================================
Received Import Request.
  Time since last request: 0.000025 seconds.
  path: Assets/art assets/Level 1 Monster Pack/Images/Bat/Bat_Color3.jpg
  artifactKey: Guid(ecbe6952a49a18d4eb9fcf92d86a3b41) Importer(815301076,1909f56bfc062723c751e8b465ee728b)
Start importing Assets/art assets/Level 1 Monster Pack/Images/Bat/Bat_Color3.jpg using Guid(ecbe6952a49a18d4eb9fcf92d86a3b41) Importer(815301076,1909f56bfc062723c751e8b465ee728b)  -> (artifact id: '25ba9af91d3bf30c1872a85a2bcd5a46') in 0.216888 seconds 
========================================================================
Received Import Request.
  Time since last request: 49.499963 seconds.
  path: Assets/art assets/Level 1 Monster Pack/Images/Bat/Materials
  artifactKey: Guid(2325c4150301fc744acc0d31c373af09) Importer(815301076,1909f56bfc062723c751e8b465ee728b)
Start importing Assets/art assets/Level 1 Monster Pack/Images/Bat/Materials using Guid(2325c4150301fc744acc0d31c373af09) Importer(815301076,1909f56bfc062723c751e8b465ee728b)  -> (artifact id: 'aff408fb9fcb1b4e591dd4c4784f1bad') in 0.291777 seconds 
========================================================================
Received Import Request.
  Time since last request: 53.102517 seconds.
  path: Assets/art assets/Level 1 Monster Pack/Models
  artifactKey: Guid(ed7e8bf2d8d5c3d48bede0769000cebf) Importer(815301076,1909f56bfc062723c751e8b465ee728b)
Start importing Assets/art assets/Level 1 Monster Pack/Models using Guid(ed7e8bf2d8d5c3d48bede0769000cebf) Importer(815301076,1909f56bfc062723c751e8b465ee728b)  -> (artifact id: '5df40265fd61978ebfc8b12efaa31398') in 0.015455 seconds 
========================================================================
Received Import Request.
  Time since last request: 0.000031 seconds.
  path: Assets/art assets/Level 1 Monster Pack/Models/Slime_Level_1.fbx
  artifactKey: Guid(e607f74860c67814e93c914b710142d5) Importer(815301076,1909f56bfc062723c751e8b465ee728b)
Start importing Assets/art assets/Level 1 Monster Pack/Models/Slime_Level_1.fbx using Guid(e607f74860c67814e93c914b710142d5) Importer(815301076,1909f56bfc062723c751e8b465ee728b)  -> (artifact id: '7142de73a26deb58233fe8385fdc8024') in 0.895872 seconds 
========================================================================
Received Import Request.
  Time since last request: 0.000039 seconds.
  path: Assets/art assets/Level 1 Monster Pack/Models/Ghost_Lv1.fbx
  artifactKey: Guid(fd4b310424927a840906404a14eeb5e4) Importer(815301076,1909f56bfc062723c751e8b465ee728b)
Start importing Assets/art assets/Level 1 Monster Pack/Models/Ghost_Lv1.fbx using Guid(fd4b310424927a840906404a14eeb5e4) Importer(815301076,1909f56bfc062723c751e8b465ee728b)  -> (artifact id: '7375a0a3eb387d99014cd8caa3c6974d') in 0.750250 seconds 
========================================================================
Received Import Request.
  Time since last request: 3.193877 seconds.
  path: Assets/art assets/Level 1 Monster Pack/Models/Materials
  artifactKey: Guid(29d1d6e98a656a24a988d2d161060cb2) Importer(815301076,1909f56bfc062723c751e8b465ee728b)
Start importing Assets/art assets/Level 1 Monster Pack/Models/Materials using Guid(29d1d6e98a656a24a988d2d161060cb2) Importer(815301076,1909f56bfc062723c751e8b465ee728b)  -> (artifact id: 'dfc7187b8094a3722b366b8c804aeb44') in 0.003739 seconds 
========================================================================
Received Import Request.
  Time since last request: 0.000579 seconds.
  path: Assets/art assets/Level 1 Monster Pack/Models/Materials/GhostPack.mat
  artifactKey: Guid(0df2584ca71d665478b22693ec357a71) Importer(815301076,1909f56bfc062723c751e8b465ee728b)
Start importing Assets/art assets/Level 1 Monster Pack/Models/Materials/GhostPack.mat using Guid(0df2584ca71d665478b22693ec357a71) Importer(815301076,1909f56bfc062723c751e8b465ee728b)  -> (artifact id: '91eaeea4ba598db9be1a69dfec247906') in 0.053230 seconds 
========================================================================
Received Import Request.
  Time since last request: 0.000028 seconds.
  path: Assets/art assets/Level 1 Monster Pack/Models/Materials/Rabbit Texture.mat
  artifactKey: Guid(d3890a52501ba344ba7a477d828565b4) Importer(815301076,1909f56bfc062723c751e8b465ee728b)
Start importing Assets/art assets/Level 1 Monster Pack/Models/Materials/Rabbit Texture.mat using Guid(d3890a52501ba344ba7a477d828565b4) Importer(815301076,1909f56bfc062723c751e8b465ee728b)  -> (artifact id: 'f1de6aa4ed6bb149e6fa19947227d606') in 0.037237 seconds 
========================================================================
Received Import Request.
  Time since last request: 319.716935 seconds.
  path: Assets/art assets/Level 1 Monster Pack/Materials
  artifactKey: Guid(93968393fdf24dd4d881eea40c6a435e) Importer(815301076,1909f56bfc062723c751e8b465ee728b)
Start importing Assets/art assets/Level 1 Monster Pack/Materials using Guid(93968393fdf24dd4d881eea40c6a435e) Importer(815301076,1909f56bfc062723c751e8b465ee728b)  -> (artifact id: '2dcb158a6c518bccbb259cf6f95e019b') in 0.003848 seconds 
========================================================================
Received Import Request.
  Time since last request: 1.092918 seconds.
  path: Assets/art assets/Level 1 Monster Pack/Materials/Rabbit
  artifactKey: Guid(b98850132894aa34bb7412014048027b) Importer(815301076,1909f56bfc062723c751e8b465ee728b)
Start importing Assets/art assets/Level 1 Monster Pack/Materials/Rabbit using Guid(b98850132894aa34bb7412014048027b) Importer(815301076,1909f56bfc062723c751e8b465ee728b)  -> (artifact id: '947fe2f094d6c9319b0b2751f81ce2ea') in 0.015795 seconds 
========================================================================
Received Import Request.
  Time since last request: 0.000024 seconds.
  path: Assets/art assets/Level 1 Monster Pack/Materials/Rabbit/Rabbit_Green.mat
  artifactKey: Guid(8b0adcf0796ec644895af4a66334843f) Importer(815301076,1909f56bfc062723c751e8b465ee728b)
Start importing Assets/art assets/Level 1 Monster Pack/Materials/Rabbit/Rabbit_Green.mat using Guid(8b0adcf0796ec644895af4a66334843f) Importer(815301076,1909f56bfc062723c751e8b465ee728b)  -> (artifact id: '377436eadab0e59e222198d8b1a87f0c') in 0.223650 seconds 
========================================================================
Received Import Request.
  Time since last request: 0.000028 seconds.
  path: Assets/art assets/Level 1 Monster Pack/Materials/Rabbit/Rabbit_Red.mat
  artifactKey: Guid(840e02b46f8e9b84c8acf31307797515) Importer(815301076,1909f56bfc062723c751e8b465ee728b)
Start importing Assets/art assets/Level 1 Monster Pack/Materials/Rabbit/Rabbit_Red.mat using Guid(840e02b46f8e9b84c8acf31307797515) Importer(815301076,1909f56bfc062723c751e8b465ee728b)  -> (artifact id: '91cc625d555f0720b51b58ad3db3f65e') in 0.095313 seconds 
========================================================================
Received Import Request.
  Time since last request: 0.000070 seconds.
  path: Assets/art assets/Level 1 Monster Pack/Materials/Rabbit/Rabbit Texture.mat
  artifactKey: Guid(3de902fb39ff65648a365795e880e895) Importer(815301076,1909f56bfc062723c751e8b465ee728b)
Start importing Assets/art assets/Level 1 Monster Pack/Materials/Rabbit/Rabbit Texture.mat using Guid(3de902fb39ff65648a365795e880e895) Importer(815301076,1909f56bfc062723c751e8b465ee728b)  -> (artifact id: '7a944b0ed7f69fe33de256e6fe371733') in 0.030918 seconds 
========================================================================
Received Import Request.
  Time since last request: 98.780489 seconds.
  path: Assets/art assets/Level 1 Monster Pack/Materials/Slime
  artifactKey: Guid(f303503b5ad6d9b4fb8d2d0dca825486) Importer(815301076,1909f56bfc062723c751e8b465ee728b)
Start importing Assets/art assets/Level 1 Monster Pack/Materials/Slime using Guid(f303503b5ad6d9b4fb8d2d0dca825486) Importer(815301076,1909f56bfc062723c751e8b465ee728b)  -> (artifact id: '2d7830dca26dadde0900b47a3547e0cf') in 0.011596 seconds 
========================================================================
Received Import Request.
  Time since last request: 0.038835 seconds.
  path: Assets/art assets/Level 1 Monster Pack/Materials/Slime/Slime_Blue.mat
  artifactKey: Guid(762b5f628249faa428838024699b2e85) Importer(815301076,1909f56bfc062723c751e8b465ee728b)
Start importing Assets/art assets/Level 1 Monster Pack/Materials/Slime/Slime_Blue.mat using Guid(762b5f628249faa428838024699b2e85) Importer(815301076,1909f56bfc062723c751e8b465ee728b)  -> (artifact id: 'b755e40623a09d500ef34d2281f01d3e') in 0.146255 seconds 
========================================================================
Received Import Request.
  Time since last request: 0.000029 seconds.
  path: Assets/art assets/Level 1 Monster Pack/Materials/Slime/Slime_Red.mat
  artifactKey: Guid(f8c84f5460f47374081e84f9c4d3df3e) Importer(815301076,1909f56bfc062723c751e8b465ee728b)
Start importing Assets/art assets/Level 1 Monster Pack/Materials/Slime/Slime_Red.mat using Guid(f8c84f5460f47374081e84f9c4d3df3e) Importer(815301076,1909f56bfc062723c751e8b465ee728b)  -> (artifact id: '945c4b2e6e982267a0ee36395c21d669') in 0.336510 seconds 
========================================================================
Received Import Request.
  Time since last request: 44.055225 seconds.
  path: Assets/art assets/Level 1 Monster Pack/Materials/Bat
  artifactKey: Guid(49aa7d1faef741246a152bf4211b3b63) Importer(815301076,1909f56bfc062723c751e8b465ee728b)
Start importing Assets/art assets/Level 1 Monster Pack/Materials/Bat using Guid(49aa7d1faef741246a152bf4211b3b63) Importer(815301076,1909f56bfc062723c751e8b465ee728b)  -> (artifact id: '58929f220eb01d496b83aa2a11221a96') in 0.003648 seconds 
========================================================================
Received Import Request.
  Time since last request: 0.000028 seconds.
  path: Assets/art assets/Level 1 Monster Pack/Materials/Bat/Bat_Violet.mat
  artifactKey: Guid(c8c42803e7784e5488547363323ed62c) Importer(815301076,1909f56bfc062723c751e8b465ee728b)
Start importing Assets/art assets/Level 1 Monster Pack/Materials/Bat/Bat_Violet.mat using Guid(c8c42803e7784e5488547363323ed62c) Importer(815301076,1909f56bfc062723c751e8b465ee728b)  -> (artifact id: '1db24748efc5f7b02e9231e3f6a9a28a') in 0.198047 seconds 
========================================================================
Received Import Request.
  Time since last request: 0.000035 seconds.
  path: Assets/art assets/Level 1 Monster Pack/Materials/Bat/Bat_Red.mat
  artifactKey: Guid(6a9d5602ab51ed243b686397b63daeb8) Importer(815301076,1909f56bfc062723c751e8b465ee728b)
Start importing Assets/art assets/Level 1 Monster Pack/Materials/Bat/Bat_Red.mat using Guid(6a9d5602ab51ed243b686397b63daeb8) Importer(815301076,1909f56bfc062723c751e8b465ee728b)  -> (artifact id: '91d4938d52666306f663020b57370cac') in 0.047837 seconds 
========================================================================
Received Import Request.
  Time since last request: 19.242893 seconds.
  path: Assets/art assets/Level 1 Monster Pack/Materials/Ghost
  artifactKey: Guid(e26f4f3b496f9394facb616aa244ae16) Importer(815301076,1909f56bfc062723c751e8b465ee728b)
Start importing Assets/art assets/Level 1 Monster Pack/Materials/Ghost using Guid(e26f4f3b496f9394facb616aa244ae16) Importer(815301076,1909f56bfc062723c751e8b465ee728b)  -> (artifact id: '369eb2bd6bbc8db1d6d72f065c11911b') in 0.005953 seconds 
========================================================================
Received Import Request.
  Time since last request: 0.025631 seconds.
  path: Assets/art assets/Level 1 Monster Pack/Materials/Ghost/Ghost_Brown.mat
  artifactKey: Guid(e7730fe5ddfc2304e9ef19c1777dff95) Importer(815301076,1909f56bfc062723c751e8b465ee728b)
Start importing Assets/art assets/Level 1 Monster Pack/Materials/Ghost/Ghost_Brown.mat using Guid(e7730fe5ddfc2304e9ef19c1777dff95) Importer(815301076,1909f56bfc062723c751e8b465ee728b)  -> (artifact id: 'ab8cec5b8d9db136b00ee7b79e0cede7') in 0.170306 seconds 
========================================================================
Received Import Request.
  Time since last request: 0.000029 seconds.
  path: Assets/art assets/Level 1 Monster Pack/Materials/Ghost/Ghost_Violet.mat
  artifactKey: Guid(da7164be9b7e1fb45a33679cb7f62648) Importer(815301076,1909f56bfc062723c751e8b465ee728b)
Start importing Assets/art assets/Level 1 Monster Pack/Materials/Ghost/Ghost_Violet.mat using Guid(da7164be9b7e1fb45a33679cb7f62648) Importer(815301076,1909f56bfc062723c751e8b465ee728b)  -> (artifact id: '7f9cc7198fa1e63941cf2cd03b395cb2') in 0.085648 seconds 
========================================================================
Received Import Request.
  Time since last request: 0.000034 seconds.
  path: Assets/art assets/Level 1 Monster Pack/Materials/Ghost/Ghost_White.mat
  artifactKey: Guid(e45b40dde5630f3488fd950d7ca4f260) Importer(815301076,1909f56bfc062723c751e8b465ee728b)
Start importing Assets/art assets/Level 1 Monster Pack/Materials/Ghost/Ghost_White.mat using Guid(e45b40dde5630f3488fd950d7ca4f260) Importer(815301076,1909f56bfc062723c751e8b465ee728b)  -> (artifact id: '4cc1a38741c9cfe737ca2bd01786acc4') in 0.188687 seconds 
