Using pre-set license
Built from '2021.3/staging' branch; Version is '2021.3.9f1 (ad3870b89536) revision 11352176'; Using compiler version '192829333'; Build Type 'Release'
OS: 'Windows 10  (10.0.19044) 64bit Education' Language: 'en' Physical Memory: 8077 MB
BatchMode: 1, IsHumanControllingUs: 0, StartBugReporterOnCrash: 0, Is64bit: 1, IsPro: 1

COMMAND LINE ARGUMENTS:
C:\Program Files\Unity\Hub\Editor\2021.3.9f1\Editor\Unity.exe
-adb2
-batchMode
-noUpm
-name
AssetImportWorker3
-projectPath
C:/Users/J/Documents/GitHub/Senses
-logFile
Logs/AssetImportWorker3.log
-srvPort
65254
Successfully changed project path to: C:/Users/J/Documents/GitHub/Senses
C:/Users/J/Documents/GitHub/Senses
[UnityMemory] Configuration Parameters - Can be set up in boot.config
    "memorysetup-bucket-allocator-granularity=16"
    "memorysetup-bucket-allocator-bucket-count=8"
    "memorysetup-bucket-allocator-block-size=33554432"
    "memorysetup-bucket-allocator-block-count=8"
    "memorysetup-main-allocator-block-size=16777216"
    "memorysetup-thread-allocator-block-size=16777216"
    "memorysetup-gfx-main-allocator-block-size=16777216"
    "memorysetup-gfx-thread-allocator-block-size=16777216"
    "memorysetup-cache-allocator-block-size=4194304"
    "memorysetup-typetree-allocator-block-size=2097152"
    "memorysetup-profiler-bucket-allocator-granularity=16"
    "memorysetup-profiler-bucket-allocator-bucket-count=8"
    "memorysetup-profiler-bucket-allocator-block-size=33554432"
    "memorysetup-profiler-bucket-allocator-block-count=8"
    "memorysetup-profiler-allocator-block-size=16777216"
    "memorysetup-profiler-editor-allocator-block-size=1048576"
    "memorysetup-temp-allocator-size-main=16777216"
    "memorysetup-job-temp-allocator-block-size=2097152"
    "memorysetup-job-temp-allocator-block-size-background=1048576"
    "memorysetup-job-temp-allocator-reduction-small-platforms=262144"
    "memorysetup-temp-allocator-size-background-worker=32768"
    "memorysetup-temp-allocator-size-job-worker=262144"
    "memorysetup-temp-allocator-size-preload-manager=33554432"
    "memorysetup-temp-allocator-size-nav-mesh-worker=65536"
    "memorysetup-temp-allocator-size-audio-worker=65536"
    "memorysetup-temp-allocator-size-cloud-worker=32768"
    "memorysetup-temp-allocator-size-gi-baking-worker=262144"
    "memorysetup-temp-allocator-size-gfx=262144"
Refreshing native plugins compatible for Editor in 111.77 ms, found 3 plugins.
Preloading 0 native plugins for Editor in 0.00 ms.
Initialize engine version: 2021.3.9f1 (ad3870b89536)
[Subsystems] Discovering subsystems at path C:/Program Files/Unity/Hub/Editor/2021.3.9f1/Editor/Data/Resources/UnitySubsystems
[Subsystems] Discovering subsystems at path C:/Users/J/Documents/GitHub/Senses/Assets
GfxDevice: creating device client; threaded=0; jobified=0
Direct3D:
    Version:  Direct3D 11.0 [level 11.1]
    Renderer: Radeon (TM) RX 470 Graphics (ID=0x67df)
    Vendor:   ATI
    VRAM:     4075 MB
    Driver:   30.0.13023.4001
Initialize mono
Mono path[0] = 'C:/Program Files/Unity/Hub/Editor/2021.3.9f1/Editor/Data/Managed'
Mono path[1] = 'C:/Program Files/Unity/Hub/Editor/2021.3.9f1/Editor/Data/MonoBleedingEdge/lib/mono/unityjit-win32'
Mono config path = 'C:/Program Files/Unity/Hub/Editor/2021.3.9f1/Editor/Data/MonoBleedingEdge/etc'
Using monoOptions --debugger-agent=transport=dt_socket,embedding=1,server=y,suspend=n,address=127.0.0.1:56540
Begin MonoManager ReloadAssembly
Registering precompiled unity dll's ...
Register platform support module: C:/Program Files/Unity/Hub/Editor/2021.3.9f1/Editor/Data/PlaybackEngines/WebGLSupport/UnityEditor.WebGL.Extensions.dll
Register platform support module: C:/Program Files/Unity/Hub/Editor/2021.3.9f1/Editor/Data/PlaybackEngines/WindowsStandaloneSupport/UnityEditor.WindowsStandalone.Extensions.dll
Registered in 0.010067 seconds.
Native extension for WindowsStandalone target not found
Native extension for WebGL target not found
Refreshing native plugins compatible for Editor in 107.77 ms, found 3 plugins.
Preloading 0 native plugins for Editor in 0.00 ms.
Mono: successfully reloaded assembly
- Completed reload, in  0.817 seconds
Domain Reload Profiling:
	ReloadAssembly (817ms)
		BeginReloadAssembly (94ms)
			ExecutionOrderSort (0ms)
			DisableScriptedObjects (0ms)
			BackupInstance (0ms)
			ReleaseScriptingObjects (0ms)
			CreateAndSetChildDomain (1ms)
		EndReloadAssembly (581ms)
			LoadAssemblies (91ms)
			RebuildTransferFunctionScriptingTraits (0ms)
			SetupTypeCache (132ms)
			ReleaseScriptCaches (0ms)
			RebuildScriptCaches (34ms)
			SetupLoadedEditorAssemblies (352ms)
				LogAssemblyErrors (0ms)
				InitializePlatformSupportModulesInManaged (11ms)
				SetLoadedEditorAssemblies (0ms)
				RefreshPlugins (108ms)
				BeforeProcessingInitializeOnLoad (2ms)
				ProcessInitializeOnLoadAttributes (175ms)
				ProcessInitializeOnLoadMethodAttributes (56ms)
				AfterProcessingInitializeOnLoad (0ms)
				EditorAssembliesLoaded (0ms)
			ExecutionOrderSort2 (0ms)
			AwakeInstancesAfterBackupRestoration (0ms)
Platform modules already initialized, skipping
Registering precompiled user dll's ...
Registered in 0.007849 seconds.
Begin MonoManager ReloadAssembly
Symbol file LoadedFromMemory doesn't match image C:\Users\J\Documents\GitHub\Senses\Library\PackageCache\com.unity.visualscripting@1.7.8\Editor\VisualScripting.Core\Dependencies\YamlDotNet\Unity.VisualScripting.YamlDotNet.dll
Symbol file LoadedFromMemory doesn't match image C:\Users\J\Documents\GitHub\Senses\Library\PackageCache\com.unity.visualscripting@1.7.8\Editor\VisualScripting.Core\Dependencies\DotNetZip\Unity.VisualScripting.IonicZip.dll
Native extension for WindowsStandalone target not found
Native extension for WebGL target not found
Refreshing native plugins compatible for Editor in 106.79 ms, found 3 plugins.
Preloading 0 native plugins for Editor in 0.00 ms.
Mono: successfully reloaded assembly
- Completed reload, in  3.293 seconds
Domain Reload Profiling:
	ReloadAssembly (3294ms)
		BeginReloadAssembly (142ms)
			ExecutionOrderSort (0ms)
			DisableScriptedObjects (8ms)
			BackupInstance (0ms)
			ReleaseScriptingObjects (0ms)
			CreateAndSetChildDomain (21ms)
		EndReloadAssembly (2854ms)
			LoadAssemblies (1342ms)
			RebuildTransferFunctionScriptingTraits (0ms)
			SetupTypeCache (346ms)
			ReleaseScriptCaches (1ms)
			RebuildScriptCaches (75ms)
			SetupLoadedEditorAssemblies (1043ms)
				LogAssemblyErrors (0ms)
				InitializePlatformSupportModulesInManaged (7ms)
				SetLoadedEditorAssemblies (0ms)
				RefreshPlugins (107ms)
				BeforeProcessingInitializeOnLoad (113ms)
				ProcessInitializeOnLoadAttributes (760ms)
				ProcessInitializeOnLoadMethodAttributes (45ms)
				AfterProcessingInitializeOnLoad (10ms)
				EditorAssembliesLoaded (0ms)
			ExecutionOrderSort2 (0ms)
			AwakeInstancesAfterBackupRestoration (8ms)
Platform modules already initialized, skipping
========================================================================
Worker process is ready to serve import requests
Launched and connected shader compiler UnityShaderCompiler.exe after 0.15 seconds
Refreshing native plugins compatible for Editor in 0.93 ms, found 3 plugins.
Preloading 0 native plugins for Editor in 0.00 ms.
Unloading 3921 Unused Serialized files (Serialized files now loaded: 0)
Unloading 43 unused Assets / (159.7 KB). Loaded Objects now: 4401.
Memory consumption went from 154.1 MB to 154.0 MB.
Total: 4.063800 ms (FindLiveObjects: 0.370600 ms CreateObjectMapping: 0.207600 ms MarkObjects: 3.297500 ms  DeleteObjects: 0.186100 ms)

AssetImportParameters requested are different than current active one (requested -> active):
  custom:video-decoder-ogg-theora: a1e56fd34408186e4bbccfd4996cb3dc -> 
  custom:container-muxer-webm: aa71ff27fc2769a1b78a27578f13a17b -> 
  custom:container-demuxer-webm: 4f35f7cbe854078d1ac9338744f61a02 -> 
  custom:video-encoder-webm-vp8: eb34c28f22e8b96e1ab97ce403110664 -> 
  custom:audio-encoder-webm-vorbis: bf7c407c2cedff20999df2af8eb42d56 -> 
  custom:framework-win-MediaFoundation: 216162199b28c13a410421893ffa2e32 -> 
  custom:container-demuxer-ogg: 62fdf1f143b41e24485cea50d1cbac27 -> 
  custom:video-decoder-webm-vp8: 9c59270c3fd7afecdb556c50c9e8de78 -> 
  custom:audio-decoder-ogg-vorbis: bf7c407c2cedff20999df2af8eb42d56 -> 
========================================================================
Received Import Request.
  Time since last request: 52321.933866 seconds.
  path: Assets/art assets/Level 1 Monster Pack/Images/Ghost/Ghost_Brown.png
  artifactKey: Guid(b3f1fdc49f16f1e4eaf2837de4dcbf08) Importer(815301076,1909f56bfc062723c751e8b465ee728b)
Start importing Assets/art assets/Level 1 Monster Pack/Images/Ghost/Ghost_Brown.png using Guid(b3f1fdc49f16f1e4eaf2837de4dcbf08) Importer(815301076,1909f56bfc062723c751e8b465ee728b)  -> (artifact id: '098c701ac39a4d6680828d0d6efef390') in 0.491382 seconds 
========================================================================
Received Import Request.
  Time since last request: 0.000032 seconds.
  path: Assets/art assets/Level 1 Monster Pack/Images/Ghost/Ghost_Green.png
  artifactKey: Guid(63baa659ae8d01847a8b56e877e864c2) Importer(815301076,1909f56bfc062723c751e8b465ee728b)
Start importing Assets/art assets/Level 1 Monster Pack/Images/Ghost/Ghost_Green.png using Guid(63baa659ae8d01847a8b56e877e864c2) Importer(815301076,1909f56bfc062723c751e8b465ee728b)  -> (artifact id: 'a1da1536301c49517fb9d311bce1cc59') in 0.025155 seconds 
========================================================================
Received Import Request.
  Time since last request: 0.000036 seconds.
  path: Assets/art assets/Level 1 Monster Pack/Images
  artifactKey: Guid(f6556936bf6d87049b7752aa1364d57a) Importer(815301076,1909f56bfc062723c751e8b465ee728b)
Start importing Assets/art assets/Level 1 Monster Pack/Images using Guid(f6556936bf6d87049b7752aa1364d57a) Importer(815301076,1909f56bfc062723c751e8b465ee728b)  -> (artifact id: 'a10956b66c5ff9c8d6bdc6626776fe4d') in 0.006651 seconds 
========================================================================
Received Import Request.
  Time since last request: 5.856483 seconds.
  path: Assets/art assets/Level 1 Monster Pack/Images/Bat/Bat_Color.jpg
  artifactKey: Guid(b2745c2e243d8d14d91d89302d1d301a) Importer(815301076,1909f56bfc062723c751e8b465ee728b)
Start importing Assets/art assets/Level 1 Monster Pack/Images/Bat/Bat_Color.jpg using Guid(b2745c2e243d8d14d91d89302d1d301a) Importer(815301076,1909f56bfc062723c751e8b465ee728b)  -> (artifact id: '9351aeb5671299064e3c14ffceca49cd') in 0.140380 seconds 
========================================================================
Received Import Request.
  Time since last request: 0.000032 seconds.
  path: Assets/art assets/Level 1 Monster Pack/Images/Bat/Bat_Color4.jpg
  artifactKey: Guid(b948624b7e474564eadc80a716bee28b) Importer(815301076,1909f56bfc062723c751e8b465ee728b)
Start importing Assets/art assets/Level 1 Monster Pack/Images/Bat/Bat_Color4.jpg using Guid(b948624b7e474564eadc80a716bee28b) Importer(815301076,1909f56bfc062723c751e8b465ee728b)  -> (artifact id: '375e3ab9e1c14b243c78b31f13f8d598') in 0.166279 seconds 
========================================================================
Received Import Request.
  Time since last request: 49.709386 seconds.
  path: Assets/art assets/Level 1 Monster Pack/Images/Bat/Materials/Bat_Color.mat
  artifactKey: Guid(a7e5ebda717b869438c0e6c69de10108) Importer(815301076,1909f56bfc062723c751e8b465ee728b)
Start importing Assets/art assets/Level 1 Monster Pack/Images/Bat/Materials/Bat_Color.mat using Guid(a7e5ebda717b869438c0e6c69de10108) Importer(815301076,1909f56bfc062723c751e8b465ee728b)  -> (artifact id: '0fd6cc535390e411629a5a3077f8952d') in 0.713580 seconds 
========================================================================
Received Import Request.
  Time since last request: 52.864862 seconds.
  path: Assets/art assets/Level 1 Monster Pack/Models/Bat_Level_1.fbx
  artifactKey: Guid(59afa1f2c595d6343b15e945602e1f8f) Importer(815301076,1909f56bfc062723c751e8b465ee728b)
Start importing Assets/art assets/Level 1 Monster Pack/Models/Bat_Level_1.fbx using Guid(59afa1f2c595d6343b15e945602e1f8f) Importer(815301076,1909f56bfc062723c751e8b465ee728b)  -> (artifact id: '9a93f2d26c10dc6ba27954d7c840c160') in 0.984462 seconds 
========================================================================
Received Import Request.
  Time since last request: 0.000027 seconds.
  path: Assets/art assets/Level 1 Monster Pack/Models/Rabbit_Level_1.fbx
  artifactKey: Guid(05b0336cad2ece64b99ce054ed619f4c) Importer(815301076,1909f56bfc062723c751e8b465ee728b)
Start importing Assets/art assets/Level 1 Monster Pack/Models/Rabbit_Level_1.fbx using Guid(05b0336cad2ece64b99ce054ed619f4c) Importer(815301076,1909f56bfc062723c751e8b465ee728b)  -> (artifact id: 'fbf17d66b389bb2da33de265348690f2') in 0.274174 seconds 
========================================================================
Received Import Request.
  Time since last request: 3.483417 seconds.
  path: Assets/art assets/Level 1 Monster Pack/Models/Materials/Bat_Color.mat
  artifactKey: Guid(e83008745245443428a1209e88cea4fb) Importer(815301076,1909f56bfc062723c751e8b465ee728b)
Start importing Assets/art assets/Level 1 Monster Pack/Models/Materials/Bat_Color.mat using Guid(e83008745245443428a1209e88cea4fb) Importer(815301076,1909f56bfc062723c751e8b465ee728b)  -> (artifact id: 'cc7af8699e64e687eff433dc0ec02c67') in 0.023871 seconds 
========================================================================
Received Import Request.
  Time since last request: 0.000028 seconds.
  path: Assets/art assets/Level 1 Monster Pack/Models/Materials/SlimeMaterial.mat
  artifactKey: Guid(fc3c4110bb7dd984e984fb2ca4e2d42c) Importer(815301076,1909f56bfc062723c751e8b465ee728b)
Start importing Assets/art assets/Level 1 Monster Pack/Models/Materials/SlimeMaterial.mat using Guid(fc3c4110bb7dd984e984fb2ca4e2d42c) Importer(815301076,1909f56bfc062723c751e8b465ee728b)  -> (artifact id: 'a8d33f8674f891349956dd2c1f0060cc') in 0.029790 seconds 
========================================================================
Received Import Request.
  Time since last request: 321.172919 seconds.
  path: Assets/art assets/Level 1 Monster Pack/Materials/Rabbit/Rabbi_Yellow.mat
  artifactKey: Guid(d0362bd62d67d214c8cf110d5b7c0db9) Importer(815301076,1909f56bfc062723c751e8b465ee728b)
Start importing Assets/art assets/Level 1 Monster Pack/Materials/Rabbit/Rabbi_Yellow.mat using Guid(d0362bd62d67d214c8cf110d5b7c0db9) Importer(815301076,1909f56bfc062723c751e8b465ee728b)  -> (artifact id: '09469ccd6b697277515ea2b0356a0e55') in 0.280189 seconds 
========================================================================
Received Import Request.
  Time since last request: 0.000088 seconds.
  path: Assets/art assets/Level 1 Monster Pack/Materials/Rabbit/Rabbit_Cyan.mat
  artifactKey: Guid(832b7394dd4491445925cb79f82921b2) Importer(815301076,1909f56bfc062723c751e8b465ee728b)
Start importing Assets/art assets/Level 1 Monster Pack/Materials/Rabbit/Rabbit_Cyan.mat using Guid(832b7394dd4491445925cb79f82921b2) Importer(815301076,1909f56bfc062723c751e8b465ee728b)  -> (artifact id: '72b038075a7afdfc9079ccb672938965') in 0.126644 seconds 
========================================================================
Received Import Request.
  Time since last request: 98.788471 seconds.
  path: Assets/art assets/Level 1 Monster Pack/Materials/Slime/Slime_Green.mat
  artifactKey: Guid(d6a1f0e1963add14bb2658c510969934) Importer(815301076,1909f56bfc062723c751e8b465ee728b)
Start importing Assets/art assets/Level 1 Monster Pack/Materials/Slime/Slime_Green.mat using Guid(d6a1f0e1963add14bb2658c510969934) Importer(815301076,1909f56bfc062723c751e8b465ee728b)  -> (artifact id: 'd63b3fd07703feeae3b42ccc1eb6008c') in 0.144114 seconds 
========================================================================
Received Import Request.
  Time since last request: 0.000032 seconds.
  path: Assets/art assets/Level 1 Monster Pack/Materials/Slime/SlimeMaterial.mat
  artifactKey: Guid(ec4ace78dc7b85f418e8b3ebb40b17c6) Importer(815301076,1909f56bfc062723c751e8b465ee728b)
Start importing Assets/art assets/Level 1 Monster Pack/Materials/Slime/SlimeMaterial.mat using Guid(ec4ace78dc7b85f418e8b3ebb40b17c6) Importer(815301076,1909f56bfc062723c751e8b465ee728b)  -> (artifact id: '6e13eb5fa2e1f6d85c3cda0fa3d11f63') in 0.023501 seconds 
========================================================================
Received Import Request.
  Time since last request: 0.000032 seconds.
  path: Assets/art assets/Level 1 Monster Pack/Materials/Slime/Slime_Yellow.mat
  artifactKey: Guid(34ed69aa6bba2c144ab35c115118a86c) Importer(815301076,1909f56bfc062723c751e8b465ee728b)
Start importing Assets/art assets/Level 1 Monster Pack/Materials/Slime/Slime_Yellow.mat using Guid(34ed69aa6bba2c144ab35c115118a86c) Importer(815301076,1909f56bfc062723c751e8b465ee728b)  -> (artifact id: 'df6ba69edba78a00210371f3679f6cb5') in 0.136465 seconds 
========================================================================
Received Import Request.
  Time since last request: 44.072453 seconds.
  path: Assets/art assets/Level 1 Monster Pack/Materials/Bat/Bat_Color.mat
  artifactKey: Guid(dc2847452cc2cc74bbd193a78f86030f) Importer(815301076,1909f56bfc062723c751e8b465ee728b)
Start importing Assets/art assets/Level 1 Monster Pack/Materials/Bat/Bat_Color.mat using Guid(dc2847452cc2cc74bbd193a78f86030f) Importer(815301076,1909f56bfc062723c751e8b465ee728b)  -> (artifact id: 'f2841aa92c19c61af9d1ad28f9f23b78') in 0.085109 seconds 
========================================================================
Received Import Request.
  Time since last request: 0.000030 seconds.
  path: Assets/art assets/Level 1 Monster Pack/Materials/Bat/Bat_Yellow.mat
  artifactKey: Guid(1b23dc953f3a9474490b7b8cfcdf896f) Importer(815301076,1909f56bfc062723c751e8b465ee728b)
Start importing Assets/art assets/Level 1 Monster Pack/Materials/Bat/Bat_Yellow.mat using Guid(1b23dc953f3a9474490b7b8cfcdf896f) Importer(815301076,1909f56bfc062723c751e8b465ee728b)  -> (artifact id: '33b54eedf5d4ad1d1731549f0bf4acf6') in 0.176890 seconds 
========================================================================
Received Import Request.
  Time since last request: 0.000034 seconds.
  path: Assets/art assets/Level 1 Monster Pack/Materials/Bat/Bat_Green.mat
  artifactKey: Guid(1945ca08888585540b2dbfd8b76f2b32) Importer(815301076,1909f56bfc062723c751e8b465ee728b)
Start importing Assets/art assets/Level 1 Monster Pack/Materials/Bat/Bat_Green.mat using Guid(1945ca08888585540b2dbfd8b76f2b32) Importer(815301076,1909f56bfc062723c751e8b465ee728b)  -> (artifact id: '08bd5603b29d1b8d95296786f811ef07') in 0.375933 seconds 
========================================================================
Received Import Request.
  Time since last request: 18.871983 seconds.
  path: Assets/art assets/Level 1 Monster Pack/Materials/Ghost/Ghost_Green.mat
  artifactKey: Guid(d2b7dde03ec3f2944b36f585daf401ed) Importer(815301076,1909f56bfc062723c751e8b465ee728b)
Start importing Assets/art assets/Level 1 Monster Pack/Materials/Ghost/Ghost_Green.mat using Guid(d2b7dde03ec3f2944b36f585daf401ed) Importer(815301076,1909f56bfc062723c751e8b465ee728b)  -> (artifact id: 'cd8c728c5da7865ab01d8e55f28b6099') in 0.164817 seconds 
========================================================================
Received Import Request.
  Time since last request: 0.000027 seconds.
  path: Assets/art assets/Level 1 Monster Pack/Materials/Ghost/GhostPack.mat
  artifactKey: Guid(8b8cb6c958d3bc745b17a4a4b011beaa) Importer(815301076,1909f56bfc062723c751e8b465ee728b)
Start importing Assets/art assets/Level 1 Monster Pack/Materials/Ghost/GhostPack.mat using Guid(8b8cb6c958d3bc745b17a4a4b011beaa) Importer(815301076,1909f56bfc062723c751e8b465ee728b)  -> (artifact id: '6c5e23d86d6d5117e50730337566b90a') in 0.301719 seconds 
