Using pre-set license
Built from '2021.3/staging' branch; Version is '2021.3.9f1 (ad3870b89536) revision 11352176'; Using compiler version '192829333'; Build Type 'Release'
OS: 'Windows 10  (10.0.19044) 64bit Education' Language: 'en' Physical Memory: 8077 MB
BatchMode: 1, IsHumanControllingUs: 0, StartBugReporterOnCrash: 0, Is64bit: 1, IsPro: 1

COMMAND LINE ARGUMENTS:
C:\Program Files\Unity\Hub\Editor\2021.3.9f1\Editor\Unity.exe
-adb2
-batchMode
-noUpm
-name
AssetImportWorker2
-projectPath
C:/Users/J/Documents/GitHub/Senses
-logFile
Logs/AssetImportWorker2.log
-srvPort
62361
Successfully changed project path to: C:/Users/J/Documents/GitHub/Senses
C:/Users/J/Documents/GitHub/Senses
[UnityMemory] Configuration Parameters - Can be set up in boot.config
    "memorysetup-bucket-allocator-granularity=16"
    "memorysetup-bucket-allocator-bucket-count=8"
    "memorysetup-bucket-allocator-block-size=33554432"
    "memorysetup-bucket-allocator-block-count=8"
    "memorysetup-main-allocator-block-size=16777216"
    "memorysetup-thread-allocator-block-size=16777216"
    "memorysetup-gfx-main-allocator-block-size=16777216"
    "memorysetup-gfx-thread-allocator-block-size=16777216"
    "memorysetup-cache-allocator-block-size=4194304"
    "memorysetup-typetree-allocator-block-size=2097152"
    "memorysetup-profiler-bucket-allocator-granularity=16"
    "memorysetup-profiler-bucket-allocator-bucket-count=8"
    "memorysetup-profiler-bucket-allocator-block-size=33554432"
    "memorysetup-profiler-bucket-allocator-block-count=8"
    "memorysetup-profiler-allocator-block-size=16777216"
    "memorysetup-profiler-editor-allocator-block-size=1048576"
    "memorysetup-temp-allocator-size-main=16777216"
    "memorysetup-job-temp-allocator-block-size=2097152"
    "memorysetup-job-temp-allocator-block-size-background=1048576"
    "memorysetup-job-temp-allocator-reduction-small-platforms=262144"
    "memorysetup-temp-allocator-size-background-worker=32768"
    "memorysetup-temp-allocator-size-job-worker=262144"
    "memorysetup-temp-allocator-size-preload-manager=33554432"
    "memorysetup-temp-allocator-size-nav-mesh-worker=65536"
    "memorysetup-temp-allocator-size-audio-worker=65536"
    "memorysetup-temp-allocator-size-cloud-worker=32768"
    "memorysetup-temp-allocator-size-gi-baking-worker=262144"
    "memorysetup-temp-allocator-size-gfx=262144"
Refreshing native plugins compatible for Editor in 118.30 ms, found 3 plugins.
Preloading 0 native plugins for Editor in 0.00 ms.
Initialize engine version: 2021.3.9f1 (ad3870b89536)
[Subsystems] Discovering subsystems at path C:/Program Files/Unity/Hub/Editor/2021.3.9f1/Editor/Data/Resources/UnitySubsystems
[Subsystems] Discovering subsystems at path C:/Users/J/Documents/GitHub/Senses/Assets
GfxDevice: creating device client; threaded=0; jobified=0
Direct3D:
    Version:  Direct3D 11.0 [level 11.1]
    Renderer: Radeon (TM) RX 470 Graphics (ID=0x67df)
    Vendor:   ATI
    VRAM:     4075 MB
    Driver:   30.0.13023.4001
Initialize mono
Mono path[0] = 'C:/Program Files/Unity/Hub/Editor/2021.3.9f1/Editor/Data/Managed'
Mono path[1] = 'C:/Program Files/Unity/Hub/Editor/2021.3.9f1/Editor/Data/MonoBleedingEdge/lib/mono/unityjit-win32'
Mono config path = 'C:/Program Files/Unity/Hub/Editor/2021.3.9f1/Editor/Data/MonoBleedingEdge/etc'
Using monoOptions --debugger-agent=transport=dt_socket,embedding=1,server=y,suspend=n,address=127.0.0.1:56664
Begin MonoManager ReloadAssembly
Registering precompiled unity dll's ...
Register platform support module: C:/Program Files/Unity/Hub/Editor/2021.3.9f1/Editor/Data/PlaybackEngines/WebGLSupport/UnityEditor.WebGL.Extensions.dll
Register platform support module: C:/Program Files/Unity/Hub/Editor/2021.3.9f1/Editor/Data/PlaybackEngines/WindowsStandaloneSupport/UnityEditor.WindowsStandalone.Extensions.dll
Registered in 0.011391 seconds.
Native extension for WindowsStandalone target not found
Native extension for WebGL target not found
Refreshing native plugins compatible for Editor in 92.67 ms, found 3 plugins.
Preloading 0 native plugins for Editor in 0.00 ms.
Mono: successfully reloaded assembly
- Completed reload, in  0.817 seconds
Domain Reload Profiling:
	ReloadAssembly (818ms)
		BeginReloadAssembly (97ms)
			ExecutionOrderSort (0ms)
			DisableScriptedObjects (0ms)
			BackupInstance (0ms)
			ReleaseScriptingObjects (0ms)
			CreateAndSetChildDomain (1ms)
		EndReloadAssembly (577ms)
			LoadAssemblies (93ms)
			RebuildTransferFunctionScriptingTraits (0ms)
			SetupTypeCache (132ms)
			ReleaseScriptCaches (0ms)
			RebuildScriptCaches (34ms)
			SetupLoadedEditorAssemblies (346ms)
				LogAssemblyErrors (0ms)
				InitializePlatformSupportModulesInManaged (11ms)
				SetLoadedEditorAssemblies (0ms)
				RefreshPlugins (93ms)
				BeforeProcessingInitializeOnLoad (2ms)
				ProcessInitializeOnLoadAttributes (179ms)
				ProcessInitializeOnLoadMethodAttributes (61ms)
				AfterProcessingInitializeOnLoad (0ms)
				EditorAssembliesLoaded (0ms)
			ExecutionOrderSort2 (0ms)
			AwakeInstancesAfterBackupRestoration (0ms)
Platform modules already initialized, skipping
Registering precompiled user dll's ...
Registered in 0.007019 seconds.
Begin MonoManager ReloadAssembly
Symbol file LoadedFromMemory doesn't match image C:\Users\J\Documents\GitHub\Senses\Library\PackageCache\com.unity.visualscripting@1.7.8\Editor\VisualScripting.Core\Dependencies\YamlDotNet\Unity.VisualScripting.YamlDotNet.dll
Symbol file LoadedFromMemory doesn't match image C:\Users\J\Documents\GitHub\Senses\Library\PackageCache\com.unity.visualscripting@1.7.8\Editor\VisualScripting.Core\Dependencies\DotNetZip\Unity.VisualScripting.IonicZip.dll
Native extension for WindowsStandalone target not found
Native extension for WebGL target not found
Refreshing native plugins compatible for Editor in 0.62 ms, found 3 plugins.
Preloading 0 native plugins for Editor in 0.00 ms.
Mono: successfully reloaded assembly
- Completed reload, in  2.555 seconds
Domain Reload Profiling:
	ReloadAssembly (2556ms)
		BeginReloadAssembly (155ms)
			ExecutionOrderSort (0ms)
			DisableScriptedObjects (7ms)
			BackupInstance (0ms)
			ReleaseScriptingObjects (0ms)
			CreateAndSetChildDomain (28ms)
		EndReloadAssembly (1927ms)
			LoadAssemblies (885ms)
			RebuildTransferFunctionScriptingTraits (0ms)
			SetupTypeCache (355ms)
			ReleaseScriptCaches (1ms)
			RebuildScriptCaches (66ms)
			SetupLoadedEditorAssemblies (580ms)
				LogAssemblyErrors (0ms)
				InitializePlatformSupportModulesInManaged (10ms)
				SetLoadedEditorAssemblies (1ms)
				RefreshPlugins (1ms)
				BeforeProcessingInitializeOnLoad (109ms)
				ProcessInitializeOnLoadAttributes (412ms)
				ProcessInitializeOnLoadMethodAttributes (37ms)
				AfterProcessingInitializeOnLoad (11ms)
				EditorAssembliesLoaded (0ms)
			ExecutionOrderSort2 (0ms)
			AwakeInstancesAfterBackupRestoration (8ms)
Platform modules already initialized, skipping
========================================================================
Worker process is ready to serve import requests
Launched and connected shader compiler UnityShaderCompiler.exe after 0.06 seconds
Refreshing native plugins compatible for Editor in 0.60 ms, found 3 plugins.
Preloading 0 native plugins for Editor in 0.00 ms.
Unloading 3394 Unused Serialized files (Serialized files now loaded: 0)
Unloading 26 unused Assets / (86.8 KB). Loaded Objects now: 3870.
Memory consumption went from 130.7 MB to 130.6 MB.
Total: 4.003600 ms (FindLiveObjects: 0.558400 ms CreateObjectMapping: 0.170800 ms MarkObjects: 3.155500 ms  DeleteObjects: 0.117500 ms)

AssetImportParameters requested are different than current active one (requested -> active):
  custom:video-decoder-ogg-theora: a1e56fd34408186e4bbccfd4996cb3dc -> 
  custom:container-muxer-webm: aa71ff27fc2769a1b78a27578f13a17b -> 
  custom:container-demuxer-webm: 4f35f7cbe854078d1ac9338744f61a02 -> 
  custom:video-encoder-webm-vp8: eb34c28f22e8b96e1ab97ce403110664 -> 
  custom:audio-encoder-webm-vorbis: bf7c407c2cedff20999df2af8eb42d56 -> 
  custom:framework-win-MediaFoundation: 216162199b28c13a410421893ffa2e32 -> 
  custom:container-demuxer-ogg: 62fdf1f143b41e24485cea50d1cbac27 -> 
  custom:video-decoder-webm-vp8: 9c59270c3fd7afecdb556c50c9e8de78 -> 
  custom:audio-decoder-ogg-vorbis: bf7c407c2cedff20999df2af8eb42d56 -> 
========================================================================
Received Import Request.
  Time since last request: 593549.005825 seconds.
  path: Assets/TextMesh Pro
  artifactKey: Guid(f54d1bd14bd3ca042bd867b519fee8cc) Importer(815301076,1909f56bfc062723c751e8b465ee728b)
Start importing Assets/TextMesh Pro using Guid(f54d1bd14bd3ca042bd867b519fee8cc) Importer(815301076,1909f56bfc062723c751e8b465ee728b)  -> (artifact id: '6d457b26d2bc8024e58729449d46e968') in 0.076210 seconds 
========================================================================
Received Import Request.
  Time since last request: 17.045514 seconds.
  path: Assets/New Scene.unity
  artifactKey: Guid(62f7311087b9e404c80c1c5faae44795) Importer(815301076,1909f56bfc062723c751e8b465ee728b)
Start importing Assets/New Scene.unity using Guid(62f7311087b9e404c80c1c5faae44795) Importer(815301076,1909f56bfc062723c751e8b465ee728b)  -> (artifact id: '3b0954754f43a26e0c935bcdfa426846') in 0.009733 seconds 
========================================================================
Received Import Request.
  Time since last request: 7.721980 seconds.
  path: Assets/Scenes
  artifactKey: Guid(6ea315d0fd7389c41b19996891e99ae3) Importer(815301076,1909f56bfc062723c751e8b465ee728b)
Start importing Assets/Scenes using Guid(6ea315d0fd7389c41b19996891e99ae3) Importer(815301076,1909f56bfc062723c751e8b465ee728b)  -> (artifact id: 'bc172811d573b296104adb4d2728db37') in 0.007778 seconds 
========================================================================
Received Import Request.
  Time since last request: 24.848580 seconds.
  path: Assets/Scenes/Inside Hotel.unity
  artifactKey: Guid(4a15cc2196ff1454c912d1cad7041148) Importer(815301076,1909f56bfc062723c751e8b465ee728b)
Start importing Assets/Scenes/Inside Hotel.unity using Guid(4a15cc2196ff1454c912d1cad7041148) Importer(815301076,1909f56bfc062723c751e8b465ee728b)  -> (artifact id: 'aaddf7e684bd1e711d75d3da100c414a') in 0.007552 seconds 
========================================================================
Received Import Request.
  Time since last request: 48.250002 seconds.
  path: Assets/Scenes/Start.unity
  artifactKey: Guid(9fc0d4010bbf28b4594072e72b8655ab) Importer(815301076,1909f56bfc062723c751e8b465ee728b)
Start importing Assets/Scenes/Start.unity using Guid(9fc0d4010bbf28b4594072e72b8655ab) Importer(815301076,1909f56bfc062723c751e8b465ee728b)  -> (artifact id: '77b0bd7ee0ab1c1166b619dbc8c96e33') in 0.007779 seconds 
========================================================================
Received Prepare
Registering precompiled user dll's ...
Registered in 0.008224 seconds.
Begin MonoManager ReloadAssembly
Symbol file LoadedFromMemory doesn't match image C:\Users\J\Documents\GitHub\Senses\Library\PackageCache\com.unity.visualscripting@1.7.8\Editor\VisualScripting.Core\Dependencies\YamlDotNet\Unity.VisualScripting.YamlDotNet.dll
Symbol file LoadedFromMemory doesn't match image C:\Users\J\Documents\GitHub\Senses\Library\PackageCache\com.unity.visualscripting@1.7.8\Editor\VisualScripting.Core\Dependencies\DotNetZip\Unity.VisualScripting.IonicZip.dll
Native extension for WindowsStandalone target not found
Native extension for WebGL target not found
Refreshing native plugins compatible for Editor in 0.75 ms, found 3 plugins.
Preloading 0 native plugins for Editor in 0.00 ms.
Mono: successfully reloaded assembly
- Completed reload, in  1.169 seconds
Domain Reload Profiling:
	ReloadAssembly (1170ms)
		BeginReloadAssembly (167ms)
			ExecutionOrderSort (0ms)
			DisableScriptedObjects (8ms)
			BackupInstance (0ms)
			ReleaseScriptingObjects (0ms)
			CreateAndSetChildDomain (42ms)
		EndReloadAssembly (888ms)
			LoadAssemblies (105ms)
			RebuildTransferFunctionScriptingTraits (0ms)
			SetupTypeCache (306ms)
			ReleaseScriptCaches (1ms)
			RebuildScriptCaches (49ms)
			SetupLoadedEditorAssemblies (387ms)
				LogAssemblyErrors (0ms)
				InitializePlatformSupportModulesInManaged (17ms)
				SetLoadedEditorAssemblies (1ms)
				RefreshPlugins (1ms)
				BeforeProcessingInitializeOnLoad (81ms)
				ProcessInitializeOnLoadAttributes (242ms)
				ProcessInitializeOnLoadMethodAttributes (36ms)
				AfterProcessingInitializeOnLoad (10ms)
				EditorAssembliesLoaded (0ms)
			ExecutionOrderSort2 (0ms)
			AwakeInstancesAfterBackupRestoration (8ms)
Platform modules already initialized, skipping
Refreshing native plugins compatible for Editor in 2.24 ms, found 3 plugins.
Preloading 0 native plugins for Editor in 0.00 ms.
Unloading 3378 Unused Serialized files (Serialized files now loaded: 0)
Unloading 20 unused Assets / (79.6 KB). Loaded Objects now: 3875.
Memory consumption went from 129.4 MB to 129.4 MB.
Total: 3.302100 ms (FindLiveObjects: 0.277800 ms CreateObjectMapping: 0.144900 ms MarkObjects: 2.764700 ms  DeleteObjects: 0.113400 ms)

AssetImportParameters requested are different than current active one (requested -> active):
  custom:video-decoder-ogg-theora: a1e56fd34408186e4bbccfd4996cb3dc -> 
  custom:container-muxer-webm: aa71ff27fc2769a1b78a27578f13a17b -> 
  custom:container-demuxer-webm: 4f35f7cbe854078d1ac9338744f61a02 -> 
  custom:video-encoder-webm-vp8: eb34c28f22e8b96e1ab97ce403110664 -> 
  custom:audio-encoder-webm-vorbis: bf7c407c2cedff20999df2af8eb42d56 -> 
  custom:framework-win-MediaFoundation: 216162199b28c13a410421893ffa2e32 -> 
  custom:container-demuxer-ogg: 62fdf1f143b41e24485cea50d1cbac27 -> 
  custom:video-decoder-webm-vp8: 9c59270c3fd7afecdb556c50c9e8de78 -> 
  custom:audio-decoder-ogg-vorbis: bf7c407c2cedff20999df2af8eb42d56 -> 
========================================================================
Received Prepare
Registering precompiled user dll's ...
Registered in 0.219719 seconds.
Begin MonoManager ReloadAssembly
Symbol file LoadedFromMemory doesn't match image C:\Users\J\Documents\GitHub\Senses\Library\PackageCache\com.unity.visualscripting@1.7.8\Editor\VisualScripting.Core\Dependencies\YamlDotNet\Unity.VisualScripting.YamlDotNet.dll
Symbol file LoadedFromMemory doesn't match image C:\Users\J\Documents\GitHub\Senses\Library\PackageCache\com.unity.visualscripting@1.7.8\Editor\VisualScripting.Core\Dependencies\DotNetZip\Unity.VisualScripting.IonicZip.dll
Native extension for WindowsStandalone target not found
Native extension for WebGL target not found
Refreshing native plugins compatible for Editor in 0.67 ms, found 3 plugins.
Preloading 0 native plugins for Editor in 0.00 ms.
Mono: successfully reloaded assembly
- Completed reload, in  1.532 seconds
Domain Reload Profiling:
	ReloadAssembly (1533ms)
		BeginReloadAssembly (171ms)
			ExecutionOrderSort (0ms)
			DisableScriptedObjects (8ms)
			BackupInstance (0ms)
			ReleaseScriptingObjects (0ms)
			CreateAndSetChildDomain (44ms)
		EndReloadAssembly (1247ms)
			LoadAssemblies (469ms)
			RebuildTransferFunctionScriptingTraits (0ms)
			SetupTypeCache (303ms)
			ReleaseScriptCaches (1ms)
			RebuildScriptCaches (48ms)
			SetupLoadedEditorAssemblies (383ms)
				LogAssemblyErrors (0ms)
				InitializePlatformSupportModulesInManaged (16ms)
				SetLoadedEditorAssemblies (1ms)
				RefreshPlugins (1ms)
				BeforeProcessingInitializeOnLoad (80ms)
				ProcessInitializeOnLoadAttributes (240ms)
				ProcessInitializeOnLoadMethodAttributes (36ms)
				AfterProcessingInitializeOnLoad (10ms)
				EditorAssembliesLoaded (0ms)
			ExecutionOrderSort2 (0ms)
			AwakeInstancesAfterBackupRestoration (8ms)
Platform modules already initialized, skipping
Refreshing native plugins compatible for Editor in 2.45 ms, found 3 plugins.
Preloading 0 native plugins for Editor in 0.00 ms.
Unloading 3387 Unused Serialized files (Serialized files now loaded: 0)
Unloading 22 unused Assets / (0.8 MB). Loaded Objects now: 3885.
Memory consumption went from 132.5 MB to 131.7 MB.
Total: 3.512300 ms (FindLiveObjects: 0.285000 ms CreateObjectMapping: 0.143500 ms MarkObjects: 2.699100 ms  DeleteObjects: 0.383600 ms)

AssetImportParameters requested are different than current active one (requested -> active):
  custom:video-decoder-ogg-theora: a1e56fd34408186e4bbccfd4996cb3dc -> 
  custom:container-muxer-webm: aa71ff27fc2769a1b78a27578f13a17b -> 
  custom:container-demuxer-webm: 4f35f7cbe854078d1ac9338744f61a02 -> 
  custom:video-encoder-webm-vp8: eb34c28f22e8b96e1ab97ce403110664 -> 
  custom:audio-encoder-webm-vorbis: bf7c407c2cedff20999df2af8eb42d56 -> 
  custom:framework-win-MediaFoundation: 216162199b28c13a410421893ffa2e32 -> 
  custom:container-demuxer-ogg: 62fdf1f143b41e24485cea50d1cbac27 -> 
  custom:video-decoder-webm-vp8: 9c59270c3fd7afecdb556c50c9e8de78 -> 
  custom:audio-decoder-ogg-vorbis: bf7c407c2cedff20999df2af8eb42d56 -> 
========================================================================
Received Import Request.
  Time since last request: 2419.840973 seconds.
  path: Assets/Level 1 Monster Pack
  artifactKey: Guid(e1ac54a11900d4b4bbcfdf7b0a8b7d32) Importer(815301076,1909f56bfc062723c751e8b465ee728b)
Start importing Assets/Level 1 Monster Pack using Guid(e1ac54a11900d4b4bbcfdf7b0a8b7d32) Importer(815301076,1909f56bfc062723c751e8b465ee728b)  -> (artifact id: 'c17fe7893a7a8a750174feb98f2f4f22') in 0.017881 seconds 
========================================================================
Received Import Request.
  Time since last request: 3.366569 seconds.
  path: Assets/RunemarkStudio
  artifactKey: Guid(2a39f9a534615044686d40a41aa75865) Importer(815301076,1909f56bfc062723c751e8b465ee728b)
Start importing Assets/RunemarkStudio using Guid(2a39f9a534615044686d40a41aa75865) Importer(815301076,1909f56bfc062723c751e8b465ee728b)  -> (artifact id: '0514797d8bc83edf8b228cffb47ff60d') in 0.008445 seconds 
========================================================================
Received Import Request.
  Time since last request: 37.189826 seconds.
  path: Assets/Level 1 Monster Pack/art assets
  artifactKey: Guid(611c77884380641468a5fa6747ebf289) Importer(815301076,1909f56bfc062723c751e8b465ee728b)
Start importing Assets/Level 1 Monster Pack/art assets using Guid(611c77884380641468a5fa6747ebf289) Importer(815301076,1909f56bfc062723c751e8b465ee728b)  -> (artifact id: 'c73be20ac1559e1847dd9e380c7b3e96') in 0.007603 seconds 
========================================================================
Received Prepare
Registering precompiled user dll's ...
Registered in 0.006601 seconds.
Begin MonoManager ReloadAssembly
Symbol file LoadedFromMemory doesn't match image C:\Users\J\Documents\GitHub\Senses\Library\PackageCache\com.unity.visualscripting@1.7.8\Editor\VisualScripting.Core\Dependencies\YamlDotNet\Unity.VisualScripting.YamlDotNet.dll
Symbol file LoadedFromMemory doesn't match image C:\Users\J\Documents\GitHub\Senses\Library\PackageCache\com.unity.visualscripting@1.7.8\Editor\VisualScripting.Core\Dependencies\DotNetZip\Unity.VisualScripting.IonicZip.dll
Native extension for WindowsStandalone target not found
Native extension for WebGL target not found
Refreshing native plugins compatible for Editor in 0.75 ms, found 3 plugins.
Preloading 0 native plugins for Editor in 0.00 ms.
Mono: successfully reloaded assembly
- Completed reload, in  1.251 seconds
Domain Reload Profiling:
	ReloadAssembly (1252ms)
		BeginReloadAssembly (164ms)
			ExecutionOrderSort (0ms)
			DisableScriptedObjects (7ms)
			BackupInstance (0ms)
			ReleaseScriptingObjects (0ms)
			CreateAndSetChildDomain (41ms)
		EndReloadAssembly (945ms)
			LoadAssemblies (127ms)
			RebuildTransferFunctionScriptingTraits (0ms)
			SetupTypeCache (338ms)
			ReleaseScriptCaches (1ms)
			RebuildScriptCaches (48ms)
			SetupLoadedEditorAssemblies (390ms)
				LogAssemblyErrors (0ms)
				InitializePlatformSupportModulesInManaged (17ms)
				SetLoadedEditorAssemblies (1ms)
				RefreshPlugins (1ms)
				BeforeProcessingInitializeOnLoad (81ms)
				ProcessInitializeOnLoadAttributes (244ms)
				ProcessInitializeOnLoadMethodAttributes (37ms)
				AfterProcessingInitializeOnLoad (10ms)
				EditorAssembliesLoaded (0ms)
			ExecutionOrderSort2 (0ms)
			AwakeInstancesAfterBackupRestoration (8ms)
Platform modules already initialized, skipping
Refreshing native plugins compatible for Editor in 2.16 ms, found 3 plugins.
Preloading 0 native plugins for Editor in 0.00 ms.
Unloading 3387 Unused Serialized files (Serialized files now loaded: 0)
Unloading 22 unused Assets / (0.8 MB). Loaded Objects now: 3888.
Memory consumption went from 132.5 MB to 131.7 MB.
Total: 3.356400 ms (FindLiveObjects: 0.262200 ms CreateObjectMapping: 0.131300 ms MarkObjects: 2.573900 ms  DeleteObjects: 0.387600 ms)

AssetImportParameters requested are different than current active one (requested -> active):
  custom:video-decoder-ogg-theora: a1e56fd34408186e4bbccfd4996cb3dc -> 
  custom:container-muxer-webm: aa71ff27fc2769a1b78a27578f13a17b -> 
  custom:container-demuxer-webm: 4f35f7cbe854078d1ac9338744f61a02 -> 
  custom:video-encoder-webm-vp8: eb34c28f22e8b96e1ab97ce403110664 -> 
  custom:audio-encoder-webm-vorbis: bf7c407c2cedff20999df2af8eb42d56 -> 
  custom:framework-win-MediaFoundation: 216162199b28c13a410421893ffa2e32 -> 
  custom:container-demuxer-ogg: 62fdf1f143b41e24485cea50d1cbac27 -> 
  custom:video-decoder-webm-vp8: 9c59270c3fd7afecdb556c50c9e8de78 -> 
  custom:audio-decoder-ogg-vorbis: bf7c407c2cedff20999df2af8eb42d56 -> 
========================================================================
Received Import Request.
  Time since last request: 241.101670 seconds.
  path: Assets/art assets/RunemarkStudio/DarkFantasyKit [Free]
  artifactKey: Guid(0838c1542a9d1f84a9645ba852b1c3ad) Importer(815301076,1909f56bfc062723c751e8b465ee728b)
Start importing Assets/art assets/RunemarkStudio/DarkFantasyKit [Free] using Guid(0838c1542a9d1f84a9645ba852b1c3ad) Importer(815301076,1909f56bfc062723c751e8b465ee728b)  -> (artifact id: '0e8df9ce7c14e3bf2db4c4705eaac41b') in 0.016311 seconds 
========================================================================
Received Import Request.
  Time since last request: 4.527443 seconds.
  path: Assets/art assets/RunemarkStudio/DarkFantasyKit [Free]/Meshes
  artifactKey: Guid(5de1339b9a0e98644ad4f0c827775154) Importer(815301076,1909f56bfc062723c751e8b465ee728b)
Start importing Assets/art assets/RunemarkStudio/DarkFantasyKit [Free]/Meshes using Guid(5de1339b9a0e98644ad4f0c827775154) Importer(815301076,1909f56bfc062723c751e8b465ee728b)  -> (artifact id: '1d4573ee1f59701ca6429866c3c67a7a') in 0.279005 seconds 
========================================================================
Received Import Request.
  Time since last request: 3.093204 seconds.
  path: Assets/art assets/RunemarkStudio/DarkFantasyKit [Free]/Meshes/Containers
  artifactKey: Guid(7d92c4900de98a749bbbf52d083629be) Importer(815301076,1909f56bfc062723c751e8b465ee728b)
Start importing Assets/art assets/RunemarkStudio/DarkFantasyKit [Free]/Meshes/Containers using Guid(7d92c4900de98a749bbbf52d083629be) Importer(815301076,1909f56bfc062723c751e8b465ee728b)  -> (artifact id: 'cbc896edc3583f35cbac54f4a7f5959b') in 0.007600 seconds 
========================================================================
Received Import Request.
  Time since last request: 0.041039 seconds.
  path: Assets/art assets/RunemarkStudio/DarkFantasyKit [Free]/Meshes/Containers/dfk_chest_02_closed.fbx
  artifactKey: Guid(8672f26db88ef4f44bd348e6da98ccd0) Importer(815301076,1909f56bfc062723c751e8b465ee728b)
Start importing Assets/art assets/RunemarkStudio/DarkFantasyKit [Free]/Meshes/Containers/dfk_chest_02_closed.fbx using Guid(8672f26db88ef4f44bd348e6da98ccd0) Importer(815301076,1909f56bfc062723c751e8b465ee728b)  -> (artifact id: '38b151e60eb918ef3899ea6b3df35343') in 0.650678 seconds 
========================================================================
Received Import Request.
  Time since last request: 2.368044 seconds.
  path: Assets/art assets/RunemarkStudio/DarkFantasyKit [Free]/Meshes/Containers/Materials
  artifactKey: Guid(53fabc0e6b2bad948bc540e36b783c1f) Importer(815301076,1909f56bfc062723c751e8b465ee728b)
Start importing Assets/art assets/RunemarkStudio/DarkFantasyKit [Free]/Meshes/Containers/Materials using Guid(53fabc0e6b2bad948bc540e36b783c1f) Importer(815301076,1909f56bfc062723c751e8b465ee728b)  -> (artifact id: 'fc34fbe36ecbbcaa725e44954f89fd3e') in 0.007977 seconds 
========================================================================
Received Import Request.
  Time since last request: 0.061184 seconds.
  path: Assets/art assets/RunemarkStudio/DarkFantasyKit [Free]/Meshes/Containers/Materials/dfk_small_containers_brown.mat
  artifactKey: Guid(53d4b7211aac9684db15d4565b5f8772) Importer(815301076,1909f56bfc062723c751e8b465ee728b)
Start importing Assets/art assets/RunemarkStudio/DarkFantasyKit [Free]/Meshes/Containers/Materials/dfk_small_containers_brown.mat using Guid(53d4b7211aac9684db15d4565b5f8772) Importer(815301076,1909f56bfc062723c751e8b465ee728b)  -> (artifact id: 'a91f66752e5e279e9bc44b20097cb6bc') in 0.739074 seconds 
========================================================================
Received Import Request.
  Time since last request: 10.699656 seconds.
  path: Assets/art assets/RunemarkStudio/DarkFantasyKit [Free]/Scenes
  artifactKey: Guid(fb1429f9205475444842410d3abd554e) Importer(815301076,1909f56bfc062723c751e8b465ee728b)
Start importing Assets/art assets/RunemarkStudio/DarkFantasyKit [Free]/Scenes using Guid(fb1429f9205475444842410d3abd554e) Importer(815301076,1909f56bfc062723c751e8b465ee728b)  -> (artifact id: '296f2d0ad4add7377dac5cc22a331d97') in 0.006616 seconds 
========================================================================
Received Import Request.
  Time since last request: 3.198176 seconds.
  path: Assets/art assets/RunemarkStudio/DarkFantasyKit [Free]/Scenes/DemoScene.unity
  artifactKey: Guid(75ef0d4b1de37614488b333e03c01efe) Importer(815301076,1909f56bfc062723c751e8b465ee728b)
Start importing Assets/art assets/RunemarkStudio/DarkFantasyKit [Free]/Scenes/DemoScene.unity using Guid(75ef0d4b1de37614488b333e03c01efe) Importer(815301076,1909f56bfc062723c751e8b465ee728b)  -> (artifact id: 'd311002339acba229bb2f88bc5938914') in 0.007893 seconds 
========================================================================
Received Import Request.
  Time since last request: 137.643025 seconds.
  path: Assets/Scenes/Inside Hotel.unity
  artifactKey: Guid(4a15cc2196ff1454c912d1cad7041148) Importer(815301076,1909f56bfc062723c751e8b465ee728b)
Start importing Assets/Scenes/Inside Hotel.unity using Guid(4a15cc2196ff1454c912d1cad7041148) Importer(815301076,1909f56bfc062723c751e8b465ee728b)  -> (artifact id: 'a898b04ecfe088309ec5f608cd0d96b0') in 0.003457 seconds 
========================================================================
Received Import Request.
  Time since last request: 651.692738 seconds.
  path: Assets/art assets/RunemarkStudio/DarkFantasyKit [Free]/Meshes/Steps, Floor, Ceiling
  artifactKey: Guid(6be9c99de9379014da6d19cb3c7c2b5a) Importer(815301076,1909f56bfc062723c751e8b465ee728b)
Start importing Assets/art assets/RunemarkStudio/DarkFantasyKit [Free]/Meshes/Steps, Floor, Ceiling using Guid(6be9c99de9379014da6d19cb3c7c2b5a) Importer(815301076,1909f56bfc062723c751e8b465ee728b)  -> (artifact id: '05378594da7f16add5afac3b4e763bf5') in 0.007629 seconds 
========================================================================
Received Import Request.
  Time since last request: 0.045650 seconds.
  path: Assets/art assets/RunemarkStudio/DarkFantasyKit [Free]/Meshes/Steps, Floor, Ceiling/dfk_ceiling.fbx
  artifactKey: Guid(280e4394046adfa4aab97ce69e7960a0) Importer(815301076,1909f56bfc062723c751e8b465ee728b)
Start importing Assets/art assets/RunemarkStudio/DarkFantasyKit [Free]/Meshes/Steps, Floor, Ceiling/dfk_ceiling.fbx using Guid(280e4394046adfa4aab97ce69e7960a0) Importer(815301076,1909f56bfc062723c751e8b465ee728b)  -> (artifact id: 'de754a4a697c787a92f3c2bfa9b24e70') in 0.063351 seconds 
========================================================================
Received Import Request.
  Time since last request: 10.942722 seconds.
  path: Assets/art assets/RunemarkStudio/DarkFantasyKit [Free]/Meshes/Steps, Floor, Ceiling/Materials
  artifactKey: Guid(8835bec2c245abd4c8132f122cdd699e) Importer(815301076,1909f56bfc062723c751e8b465ee728b)
Start importing Assets/art assets/RunemarkStudio/DarkFantasyKit [Free]/Meshes/Steps, Floor, Ceiling/Materials using Guid(8835bec2c245abd4c8132f122cdd699e) Importer(815301076,1909f56bfc062723c751e8b465ee728b)  -> (artifact id: '0423276672a26a2960c9a4092e4b60c3') in 0.007044 seconds 
========================================================================
Received Import Request.
  Time since last request: 0.072982 seconds.
  path: Assets/art assets/RunemarkStudio/DarkFantasyKit [Free]/Meshes/Steps, Floor, Ceiling/Materials/dfk_ceiling_wood.mat
  artifactKey: Guid(d6b481e3d6121b14f9ddbed57766c9e5) Importer(815301076,1909f56bfc062723c751e8b465ee728b)
Start importing Assets/art assets/RunemarkStudio/DarkFantasyKit [Free]/Meshes/Steps, Floor, Ceiling/Materials/dfk_ceiling_wood.mat using Guid(d6b481e3d6121b14f9ddbed57766c9e5) Importer(815301076,1909f56bfc062723c751e8b465ee728b)  -> (artifact id: '3b260f0f6156d6272a95e1820a213e3e') in 0.058345 seconds 
========================================================================
Received Import Request.
  Time since last request: 0.000026 seconds.
  path: Assets/art assets/RunemarkStudio/DarkFantasyKit [Free]/Meshes/Steps, Floor, Ceiling/Materials/dfk_floor_01_basecolor.png
  artifactKey: Guid(5ec24e3057b5fbd4d93283129891f317) Importer(815301076,1909f56bfc062723c751e8b465ee728b)
Start importing Assets/art assets/RunemarkStudio/DarkFantasyKit [Free]/Meshes/Steps, Floor, Ceiling/Materials/dfk_floor_01_basecolor.png using Guid(5ec24e3057b5fbd4d93283129891f317) Importer(815301076,1909f56bfc062723c751e8b465ee728b)  -> (artifact id: '02dba1e02f2b7f76a98341e5b76d3823') in 0.130982 seconds 
========================================================================
Received Import Request.
  Time since last request: 170.657317 seconds.
  path: Assets/art assets/RunemarkStudio/DarkFantasyKit [Free]/Meshes/Walls
  artifactKey: Guid(dbc686241349baa44a2a5c2293a33ba0) Importer(815301076,1909f56bfc062723c751e8b465ee728b)
Start importing Assets/art assets/RunemarkStudio/DarkFantasyKit [Free]/Meshes/Walls using Guid(dbc686241349baa44a2a5c2293a33ba0) Importer(815301076,1909f56bfc062723c751e8b465ee728b)  -> (artifact id: '7f7550fc81a1e1d4211629e8415d5571') in 0.009808 seconds 
========================================================================
Received Import Request.
  Time since last request: 0.038430 seconds.
  path: Assets/art assets/RunemarkStudio/DarkFantasyKit [Free]/Meshes/Walls/dfk_wall_1.fbx
  artifactKey: Guid(95c2785a9373e3c4bb39bdc2ab791c71) Importer(815301076,1909f56bfc062723c751e8b465ee728b)
Start importing Assets/art assets/RunemarkStudio/DarkFantasyKit [Free]/Meshes/Walls/dfk_wall_1.fbx using Guid(95c2785a9373e3c4bb39bdc2ab791c71) Importer(815301076,1909f56bfc062723c751e8b465ee728b)  -> (artifact id: '032809d0082d7988c0ff58ba3f71fbd5') in 0.278219 seconds 
