Using pre-set license
Built from '2021.3/staging' branch; Version is '2021.3.9f1 (ad3870b89536) revision 11352176'; Using compiler version '192829333'; Build Type 'Release'
OS: 'Windows 10  (10.0.19044) 64bit Education' Language: 'en' Physical Memory: 8077 MB
BatchMode: 1, IsHumanControllingUs: 0, StartBugReporterOnCrash: 0, Is64bit: 1, IsPro: 1

COMMAND LINE ARGUMENTS:
C:\Program Files\Unity\Hub\Editor\2021.3.9f1\Editor\Unity.exe
-adb2
-batchMode
-noUpm
-name
AssetImportWorker3
-projectPath
C:/Users/J/Documents/GitHub/Senses
-logFile
Logs/AssetImportWorker3.log
-srvPort
62361
Successfully changed project path to: C:/Users/J/Documents/GitHub/Senses
C:/Users/J/Documents/GitHub/Senses
[UnityMemory] Configuration Parameters - Can be set up in boot.config
    "memorysetup-bucket-allocator-granularity=16"
    "memorysetup-bucket-allocator-bucket-count=8"
    "memorysetup-bucket-allocator-block-size=33554432"
    "memorysetup-bucket-allocator-block-count=8"
    "memorysetup-main-allocator-block-size=16777216"
    "memorysetup-thread-allocator-block-size=16777216"
    "memorysetup-gfx-main-allocator-block-size=16777216"
    "memorysetup-gfx-thread-allocator-block-size=16777216"
    "memorysetup-cache-allocator-block-size=4194304"
    "memorysetup-typetree-allocator-block-size=2097152"
    "memorysetup-profiler-bucket-allocator-granularity=16"
    "memorysetup-profiler-bucket-allocator-bucket-count=8"
    "memorysetup-profiler-bucket-allocator-block-size=33554432"
    "memorysetup-profiler-bucket-allocator-block-count=8"
    "memorysetup-profiler-allocator-block-size=16777216"
    "memorysetup-profiler-editor-allocator-block-size=1048576"
    "memorysetup-temp-allocator-size-main=16777216"
    "memorysetup-job-temp-allocator-block-size=2097152"
    "memorysetup-job-temp-allocator-block-size-background=1048576"
    "memorysetup-job-temp-allocator-reduction-small-platforms=262144"
    "memorysetup-temp-allocator-size-background-worker=32768"
    "memorysetup-temp-allocator-size-job-worker=262144"
    "memorysetup-temp-allocator-size-preload-manager=33554432"
    "memorysetup-temp-allocator-size-nav-mesh-worker=65536"
    "memorysetup-temp-allocator-size-audio-worker=65536"
    "memorysetup-temp-allocator-size-cloud-worker=32768"
    "memorysetup-temp-allocator-size-gi-baking-worker=262144"
    "memorysetup-temp-allocator-size-gfx=262144"
Refreshing native plugins compatible for Editor in 117.56 ms, found 3 plugins.
Preloading 0 native plugins for Editor in 0.00 ms.
Initialize engine version: 2021.3.9f1 (ad3870b89536)
[Subsystems] Discovering subsystems at path C:/Program Files/Unity/Hub/Editor/2021.3.9f1/Editor/Data/Resources/UnitySubsystems
[Subsystems] Discovering subsystems at path C:/Users/J/Documents/GitHub/Senses/Assets
GfxDevice: creating device client; threaded=0; jobified=0
Direct3D:
    Version:  Direct3D 11.0 [level 11.1]
    Renderer: Radeon (TM) RX 470 Graphics (ID=0x67df)
    Vendor:   ATI
    VRAM:     4075 MB
    Driver:   30.0.13023.4001
Initialize mono
Mono path[0] = 'C:/Program Files/Unity/Hub/Editor/2021.3.9f1/Editor/Data/Managed'
Mono path[1] = 'C:/Program Files/Unity/Hub/Editor/2021.3.9f1/Editor/Data/MonoBleedingEdge/lib/mono/unityjit-win32'
Mono config path = 'C:/Program Files/Unity/Hub/Editor/2021.3.9f1/Editor/Data/MonoBleedingEdge/etc'
Using monoOptions --debugger-agent=transport=dt_socket,embedding=1,server=y,suspend=n,address=127.0.0.1:56268
Begin MonoManager ReloadAssembly
Registering precompiled unity dll's ...
Register platform support module: C:/Program Files/Unity/Hub/Editor/2021.3.9f1/Editor/Data/PlaybackEngines/WebGLSupport/UnityEditor.WebGL.Extensions.dll
Register platform support module: C:/Program Files/Unity/Hub/Editor/2021.3.9f1/Editor/Data/PlaybackEngines/WindowsStandaloneSupport/UnityEditor.WindowsStandalone.Extensions.dll
Registered in 0.010495 seconds.
Native extension for WindowsStandalone target not found
Native extension for WebGL target not found
Refreshing native plugins compatible for Editor in 94.33 ms, found 3 plugins.
Preloading 0 native plugins for Editor in 0.00 ms.
Mono: successfully reloaded assembly
- Completed reload, in  0.825 seconds
Domain Reload Profiling:
	ReloadAssembly (826ms)
		BeginReloadAssembly (99ms)
			ExecutionOrderSort (0ms)
			DisableScriptedObjects (0ms)
			BackupInstance (0ms)
			ReleaseScriptingObjects (0ms)
			CreateAndSetChildDomain (1ms)
		EndReloadAssembly (582ms)
			LoadAssemblies (97ms)
			RebuildTransferFunctionScriptingTraits (0ms)
			SetupTypeCache (136ms)
			ReleaseScriptCaches (0ms)
			RebuildScriptCaches (34ms)
			SetupLoadedEditorAssemblies (347ms)
				LogAssemblyErrors (0ms)
				InitializePlatformSupportModulesInManaged (11ms)
				SetLoadedEditorAssemblies (0ms)
				RefreshPlugins (94ms)
				BeforeProcessingInitializeOnLoad (1ms)
				ProcessInitializeOnLoadAttributes (180ms)
				ProcessInitializeOnLoadMethodAttributes (59ms)
				AfterProcessingInitializeOnLoad (0ms)
				EditorAssembliesLoaded (0ms)
			ExecutionOrderSort2 (0ms)
			AwakeInstancesAfterBackupRestoration (0ms)
Platform modules already initialized, skipping
Registering precompiled user dll's ...
Registered in 0.007988 seconds.
Begin MonoManager ReloadAssembly
Symbol file LoadedFromMemory doesn't match image C:\Users\J\Documents\GitHub\Senses\Library\PackageCache\com.unity.visualscripting@1.7.8\Editor\VisualScripting.Core\Dependencies\YamlDotNet\Unity.VisualScripting.YamlDotNet.dll
Symbol file LoadedFromMemory doesn't match image C:\Users\J\Documents\GitHub\Senses\Library\PackageCache\com.unity.visualscripting@1.7.8\Editor\VisualScripting.Core\Dependencies\DotNetZip\Unity.VisualScripting.IonicZip.dll
Native extension for WindowsStandalone target not found
Native extension for WebGL target not found
Refreshing native plugins compatible for Editor in 0.60 ms, found 3 plugins.
Preloading 0 native plugins for Editor in 0.00 ms.
Mono: successfully reloaded assembly
- Completed reload, in  2.552 seconds
Domain Reload Profiling:
	ReloadAssembly (2553ms)
		BeginReloadAssembly (154ms)
			ExecutionOrderSort (0ms)
			DisableScriptedObjects (7ms)
			BackupInstance (0ms)
			ReleaseScriptingObjects (0ms)
			CreateAndSetChildDomain (26ms)
		EndReloadAssembly (1926ms)
			LoadAssemblies (880ms)
			RebuildTransferFunctionScriptingTraits (0ms)
			SetupTypeCache (355ms)
			ReleaseScriptCaches (1ms)
			RebuildScriptCaches (69ms)
			SetupLoadedEditorAssemblies (575ms)
				LogAssemblyErrors (0ms)
				InitializePlatformSupportModulesInManaged (9ms)
				SetLoadedEditorAssemblies (1ms)
				RefreshPlugins (1ms)
				BeforeProcessingInitializeOnLoad (111ms)
				ProcessInitializeOnLoadAttributes (405ms)
				ProcessInitializeOnLoadMethodAttributes (37ms)
				AfterProcessingInitializeOnLoad (11ms)
				EditorAssembliesLoaded (0ms)
			ExecutionOrderSort2 (0ms)
			AwakeInstancesAfterBackupRestoration (8ms)
Platform modules already initialized, skipping
========================================================================
Worker process is ready to serve import requests
Launched and connected shader compiler UnityShaderCompiler.exe after 0.08 seconds
Refreshing native plugins compatible for Editor in 0.64 ms, found 3 plugins.
Preloading 0 native plugins for Editor in 0.00 ms.
Unloading 3394 Unused Serialized files (Serialized files now loaded: 0)
Unloading 26 unused Assets / (86.8 KB). Loaded Objects now: 3870.
Memory consumption went from 130.7 MB to 130.6 MB.
Total: 3.867600 ms (FindLiveObjects: 0.526900 ms CreateObjectMapping: 0.180500 ms MarkObjects: 3.000100 ms  DeleteObjects: 0.158900 ms)

AssetImportParameters requested are different than current active one (requested -> active):
  custom:video-decoder-ogg-theora: a1e56fd34408186e4bbccfd4996cb3dc -> 
  custom:container-muxer-webm: aa71ff27fc2769a1b78a27578f13a17b -> 
  custom:container-demuxer-webm: 4f35f7cbe854078d1ac9338744f61a02 -> 
  custom:video-encoder-webm-vp8: eb34c28f22e8b96e1ab97ce403110664 -> 
  custom:audio-encoder-webm-vorbis: bf7c407c2cedff20999df2af8eb42d56 -> 
  custom:framework-win-MediaFoundation: 216162199b28c13a410421893ffa2e32 -> 
  custom:container-demuxer-ogg: 62fdf1f143b41e24485cea50d1cbac27 -> 
  custom:video-decoder-webm-vp8: 9c59270c3fd7afecdb556c50c9e8de78 -> 
  custom:audio-decoder-ogg-vorbis: bf7c407c2cedff20999df2af8eb42d56 -> 
========================================================================
Received Prepare
Registering precompiled user dll's ...
Registered in 0.009604 seconds.
Begin MonoManager ReloadAssembly
IOException: Sharing violation on path C:\Users\J\Documents\GitHub\Senses\ProjectSettings\Packages\com.unity.testtools.codecoverage\Settings.json
  at System.IO.FileStream..ctor (System.String path, System.IO.FileMode mode, System.IO.FileAccess access, System.IO.FileShare share, System.Int32 bufferSize, System.Boolean anonymous, System.IO.FileOptions options) [0x0019e] in <9aad1b3a47484d63ba2b3985692d80e9>:0 
  at System.IO.FileStream..ctor (System.String path, System.IO.FileMode mode, System.IO.FileAccess access, System.IO.FileShare share, System.Int32 bufferSize, System.IO.FileOptions options) [0x00000] in <9aad1b3a47484d63ba2b3985692d80e9>:0 
  at (wrapper remoting-invoke-with-check) System.IO.FileStream..ctor(string,System.IO.FileMode,System.IO.FileAccess,System.IO.FileShare,int,System.IO.FileOptions)
  at System.IO.StreamWriter..ctor (System.String path, System.Boolean append, System.Text.Encoding encoding, System.Int32 bufferSize) [0x00055] in <9aad1b3a47484d63ba2b3985692d80e9>:0 
  at System.IO.StreamWriter..ctor (System.String path) [0x00008] in <9aad1b3a47484d63ba2b3985692d80e9>:0 
  at (wrapper remoting-invoke-with-check) System.IO.StreamWriter..ctor(string)
  at System.IO.File.WriteAllText (System.String path, System.String contents) [0x00026] in <9aad1b3a47484d63ba2b3985692d80e9>:0 
  at UnityEditor.SettingsManagement.PackageSettingsRepository.Save () [0x00070] in C:\Users\J\Documents\GitHub\Senses\Library\PackageCache\com.unity.settings-manager@1.0.3\Editor\PackageSettingsRepository.cs:144 
  at UnityEditor.AssemblyReloadEvents.OnBeforeAssemblyReload () [0x00017] in <0d6ce211ebbc47e1a35a84c3672ff58f>:0 

(Filename: Library/PackageCache/com.unity.settings-manager@1.0.3/Editor/PackageSettingsRepository.cs Line: 144)

Symbol file LoadedFromMemory doesn't match image C:\Users\J\Documents\GitHub\Senses\Library\PackageCache\com.unity.visualscripting@1.7.8\Editor\VisualScripting.Core\Dependencies\YamlDotNet\Unity.VisualScripting.YamlDotNet.dll
Symbol file LoadedFromMemory doesn't match image C:\Users\J\Documents\GitHub\Senses\Library\PackageCache\com.unity.visualscripting@1.7.8\Editor\VisualScripting.Core\Dependencies\DotNetZip\Unity.VisualScripting.IonicZip.dll
Native extension for WindowsStandalone target not found
Native extension for WebGL target not found
Refreshing native plugins compatible for Editor in 0.67 ms, found 3 plugins.
Preloading 0 native plugins for Editor in 0.00 ms.
Mono: successfully reloaded assembly
- Completed reload, in  1.198 seconds
Domain Reload Profiling:
	ReloadAssembly (1199ms)
		BeginReloadAssembly (196ms)
			ExecutionOrderSort (0ms)
			DisableScriptedObjects (7ms)
			BackupInstance (0ms)
			ReleaseScriptingObjects (0ms)
			CreateAndSetChildDomain (43ms)
		EndReloadAssembly (887ms)
			LoadAssemblies (100ms)
			RebuildTransferFunctionScriptingTraits (0ms)
			SetupTypeCache (306ms)
			ReleaseScriptCaches (1ms)
			RebuildScriptCaches (48ms)
			SetupLoadedEditorAssemblies (384ms)
				LogAssemblyErrors (0ms)
				InitializePlatformSupportModulesInManaged (17ms)
				SetLoadedEditorAssemblies (1ms)
				RefreshPlugins (1ms)
				BeforeProcessingInitializeOnLoad (80ms)
				ProcessInitializeOnLoadAttributes (243ms)
				ProcessInitializeOnLoadMethodAttributes (33ms)
				AfterProcessingInitializeOnLoad (10ms)
				EditorAssembliesLoaded (0ms)
			ExecutionOrderSort2 (0ms)
			AwakeInstancesAfterBackupRestoration (8ms)
Platform modules already initialized, skipping
Refreshing native plugins compatible for Editor in 2.34 ms, found 3 plugins.
Preloading 0 native plugins for Editor in 0.00 ms.
Unloading 3378 Unused Serialized files (Serialized files now loaded: 0)
Unloading 20 unused Assets / (79.6 KB). Loaded Objects now: 3875.
Memory consumption went from 129.5 MB to 129.5 MB.
Total: 3.228500 ms (FindLiveObjects: 0.293100 ms CreateObjectMapping: 0.136300 ms MarkObjects: 2.692000 ms  DeleteObjects: 0.105900 ms)

AssetImportParameters requested are different than current active one (requested -> active):
  custom:video-decoder-ogg-theora: a1e56fd34408186e4bbccfd4996cb3dc -> 
  custom:container-muxer-webm: aa71ff27fc2769a1b78a27578f13a17b -> 
  custom:container-demuxer-webm: 4f35f7cbe854078d1ac9338744f61a02 -> 
  custom:video-encoder-webm-vp8: eb34c28f22e8b96e1ab97ce403110664 -> 
  custom:audio-encoder-webm-vorbis: bf7c407c2cedff20999df2af8eb42d56 -> 
  custom:framework-win-MediaFoundation: 216162199b28c13a410421893ffa2e32 -> 
  custom:container-demuxer-ogg: 62fdf1f143b41e24485cea50d1cbac27 -> 
  custom:video-decoder-webm-vp8: 9c59270c3fd7afecdb556c50c9e8de78 -> 
  custom:audio-decoder-ogg-vorbis: bf7c407c2cedff20999df2af8eb42d56 -> 
========================================================================
Received Prepare
Registering precompiled user dll's ...
Registered in 0.193681 seconds.
Begin MonoManager ReloadAssembly
Symbol file LoadedFromMemory doesn't match image C:\Users\J\Documents\GitHub\Senses\Library\PackageCache\com.unity.visualscripting@1.7.8\Editor\VisualScripting.Core\Dependencies\YamlDotNet\Unity.VisualScripting.YamlDotNet.dll
Symbol file LoadedFromMemory doesn't match image C:\Users\J\Documents\GitHub\Senses\Library\PackageCache\com.unity.visualscripting@1.7.8\Editor\VisualScripting.Core\Dependencies\DotNetZip\Unity.VisualScripting.IonicZip.dll
Native extension for WindowsStandalone target not found
Native extension for WebGL target not found
Refreshing native plugins compatible for Editor in 0.62 ms, found 3 plugins.
Preloading 0 native plugins for Editor in 0.00 ms.
Mono: successfully reloaded assembly
- Completed reload, in  1.536 seconds
Domain Reload Profiling:
	ReloadAssembly (1537ms)
		BeginReloadAssembly (170ms)
			ExecutionOrderSort (0ms)
			DisableScriptedObjects (8ms)
			BackupInstance (0ms)
			ReleaseScriptingObjects (0ms)
			CreateAndSetChildDomain (45ms)
		EndReloadAssembly (1251ms)
			LoadAssemblies (473ms)
			RebuildTransferFunctionScriptingTraits (0ms)
			SetupTypeCache (305ms)
			ReleaseScriptCaches (1ms)
			RebuildScriptCaches (48ms)
			SetupLoadedEditorAssemblies (380ms)
				LogAssemblyErrors (0ms)
				InitializePlatformSupportModulesInManaged (16ms)
				SetLoadedEditorAssemblies (1ms)
				RefreshPlugins (1ms)
				BeforeProcessingInitializeOnLoad (79ms)
				ProcessInitializeOnLoadAttributes (240ms)
				ProcessInitializeOnLoadMethodAttributes (33ms)
				AfterProcessingInitializeOnLoad (10ms)
				EditorAssembliesLoaded (0ms)
			ExecutionOrderSort2 (0ms)
			AwakeInstancesAfterBackupRestoration (8ms)
Platform modules already initialized, skipping
Refreshing native plugins compatible for Editor in 2.65 ms, found 3 plugins.
Preloading 0 native plugins for Editor in 0.00 ms.
Unloading 3387 Unused Serialized files (Serialized files now loaded: 0)
Unloading 22 unused Assets / (0.8 MB). Loaded Objects now: 3885.
Memory consumption went from 132.6 MB to 131.8 MB.
Total: 3.559200 ms (FindLiveObjects: 0.292100 ms CreateObjectMapping: 0.139200 ms MarkObjects: 2.715200 ms  DeleteObjects: 0.411400 ms)

AssetImportParameters requested are different than current active one (requested -> active):
  custom:video-decoder-ogg-theora: a1e56fd34408186e4bbccfd4996cb3dc -> 
  custom:container-muxer-webm: aa71ff27fc2769a1b78a27578f13a17b -> 
  custom:container-demuxer-webm: 4f35f7cbe854078d1ac9338744f61a02 -> 
  custom:video-encoder-webm-vp8: eb34c28f22e8b96e1ab97ce403110664 -> 
  custom:audio-encoder-webm-vorbis: bf7c407c2cedff20999df2af8eb42d56 -> 
  custom:framework-win-MediaFoundation: 216162199b28c13a410421893ffa2e32 -> 
  custom:container-demuxer-ogg: 62fdf1f143b41e24485cea50d1cbac27 -> 
  custom:video-decoder-webm-vp8: 9c59270c3fd7afecdb556c50c9e8de78 -> 
  custom:audio-decoder-ogg-vorbis: bf7c407c2cedff20999df2af8eb42d56 -> 
========================================================================
Received Prepare
Registering precompiled user dll's ...
Registered in 0.008783 seconds.
Begin MonoManager ReloadAssembly
Symbol file LoadedFromMemory doesn't match image C:\Users\J\Documents\GitHub\Senses\Library\PackageCache\com.unity.visualscripting@1.7.8\Editor\VisualScripting.Core\Dependencies\YamlDotNet\Unity.VisualScripting.YamlDotNet.dll
Symbol file LoadedFromMemory doesn't match image C:\Users\J\Documents\GitHub\Senses\Library\PackageCache\com.unity.visualscripting@1.7.8\Editor\VisualScripting.Core\Dependencies\DotNetZip\Unity.VisualScripting.IonicZip.dll
Native extension for WindowsStandalone target not found
Native extension for WebGL target not found
Refreshing native plugins compatible for Editor in 0.66 ms, found 3 plugins.
Preloading 0 native plugins for Editor in 0.00 ms.
Mono: successfully reloaded assembly
- Completed reload, in  1.251 seconds
Domain Reload Profiling:
	ReloadAssembly (1252ms)
		BeginReloadAssembly (167ms)
			ExecutionOrderSort (0ms)
			DisableScriptedObjects (8ms)
			BackupInstance (0ms)
			ReleaseScriptingObjects (0ms)
			CreateAndSetChildDomain (41ms)
		EndReloadAssembly (938ms)
			LoadAssemblies (123ms)
			RebuildTransferFunctionScriptingTraits (0ms)
			SetupTypeCache (337ms)
			ReleaseScriptCaches (1ms)
			RebuildScriptCaches (49ms)
			SetupLoadedEditorAssemblies (389ms)
				LogAssemblyErrors (0ms)
				InitializePlatformSupportModulesInManaged (17ms)
				SetLoadedEditorAssemblies (1ms)
				RefreshPlugins (1ms)
				BeforeProcessingInitializeOnLoad (81ms)
				ProcessInitializeOnLoadAttributes (243ms)
				ProcessInitializeOnLoadMethodAttributes (38ms)
				AfterProcessingInitializeOnLoad (10ms)
				EditorAssembliesLoaded (0ms)
			ExecutionOrderSort2 (0ms)
			AwakeInstancesAfterBackupRestoration (8ms)
Platform modules already initialized, skipping
Refreshing native plugins compatible for Editor in 2.13 ms, found 3 plugins.
Preloading 0 native plugins for Editor in 0.00 ms.
Unloading 3387 Unused Serialized files (Serialized files now loaded: 0)
Unloading 22 unused Assets / (0.8 MB). Loaded Objects now: 3888.
Memory consumption went from 132.6 MB to 131.8 MB.
Total: 3.572800 ms (FindLiveObjects: 0.280200 ms CreateObjectMapping: 0.136000 ms MarkObjects: 2.741000 ms  DeleteObjects: 0.414200 ms)

AssetImportParameters requested are different than current active one (requested -> active):
  custom:video-decoder-ogg-theora: a1e56fd34408186e4bbccfd4996cb3dc -> 
  custom:container-muxer-webm: aa71ff27fc2769a1b78a27578f13a17b -> 
  custom:container-demuxer-webm: 4f35f7cbe854078d1ac9338744f61a02 -> 
  custom:video-encoder-webm-vp8: eb34c28f22e8b96e1ab97ce403110664 -> 
  custom:audio-encoder-webm-vorbis: bf7c407c2cedff20999df2af8eb42d56 -> 
  custom:framework-win-MediaFoundation: 216162199b28c13a410421893ffa2e32 -> 
  custom:container-demuxer-ogg: 62fdf1f143b41e24485cea50d1cbac27 -> 
  custom:video-decoder-webm-vp8: 9c59270c3fd7afecdb556c50c9e8de78 -> 
  custom:audio-decoder-ogg-vorbis: bf7c407c2cedff20999df2af8eb42d56 -> 
========================================================================
Received Import Request.
  Time since last request: 596359.655194 seconds.
  path: Assets/art assets/RunemarkStudio/DarkFantasyKit [Free]/Meshes/Containers/Materials/dfk_small_containers_brown_basecolor.png
  artifactKey: Guid(ec6892dc2e7e31f4cb1ef46193aaccc2) Importer(815301076,1909f56bfc062723c751e8b465ee728b)
Start importing Assets/art assets/RunemarkStudio/DarkFantasyKit [Free]/Meshes/Containers/Materials/dfk_small_containers_brown_basecolor.png using Guid(ec6892dc2e7e31f4cb1ef46193aaccc2) Importer(815301076,1909f56bfc062723c751e8b465ee728b)  -> (artifact id: '2927b9517aaf46f144db89a26a895053') in 0.221936 seconds 
========================================================================
Received Import Request.
  Time since last request: 0.000031 seconds.
  path: Assets/art assets/RunemarkStudio/DarkFantasyKit [Free]/Meshes/Containers/Materials/dfk_small_containers_normal.png
  artifactKey: Guid(acd1bedf99a89394694615cda9c001a7) Importer(815301076,1909f56bfc062723c751e8b465ee728b)
Start importing Assets/art assets/RunemarkStudio/DarkFantasyKit [Free]/Meshes/Containers/Materials/dfk_small_containers_normal.png using Guid(acd1bedf99a89394694615cda9c001a7) Importer(815301076,1909f56bfc062723c751e8b465ee728b)  -> (artifact id: '0075dad80700042e7bfdd06a2bbb43c8') in 0.145852 seconds 
========================================================================
Received Import Request.
  Time since last request: 0.000063 seconds.
  path: Assets/art assets/RunemarkStudio/DarkFantasyKit [Free]/Meshes/Containers/Materials/Small_Containers.mat
  artifactKey: Guid(83108948a33a28445b817b56c4fdc8a5) Importer(815301076,1909f56bfc062723c751e8b465ee728b)
Start importing Assets/art assets/RunemarkStudio/DarkFantasyKit [Free]/Meshes/Containers/Materials/Small_Containers.mat using Guid(83108948a33a28445b817b56c4fdc8a5) Importer(815301076,1909f56bfc062723c751e8b465ee728b)  -> (artifact id: '5221e070c736a6192ee77b295876fe8c') in 0.185699 seconds 
========================================================================
Received Import Request.
  Time since last request: 0.000024 seconds.
  path: Assets/art assets/RunemarkStudio/DarkFantasyKit [Free]/Meshes/Containers/Materials/dfk_small_containers_SmMetAO.png
  artifactKey: Guid(e1e111bb7bc87514e96689b78ea9eceb) Importer(815301076,1909f56bfc062723c751e8b465ee728b)
Start importing Assets/art assets/RunemarkStudio/DarkFantasyKit [Free]/Meshes/Containers/Materials/dfk_small_containers_SmMetAO.png using Guid(e1e111bb7bc87514e96689b78ea9eceb) Importer(815301076,1909f56bfc062723c751e8b465ee728b)  -> (artifact id: 'f2f10c1767d36170fb1706f07afadc5d') in 0.016369 seconds 
========================================================================
Received Import Request.
  Time since last request: 803.477269 seconds.
  path: Assets/art assets/RunemarkStudio/DarkFantasyKit [Free]/Meshes/Steps, Floor, Ceiling/dfk_floor.fbx
  artifactKey: Guid(0c907ef0f47cac1499923e9244c7600d) Importer(815301076,1909f56bfc062723c751e8b465ee728b)
Start importing Assets/art assets/RunemarkStudio/DarkFantasyKit [Free]/Meshes/Steps, Floor, Ceiling/dfk_floor.fbx using Guid(0c907ef0f47cac1499923e9244c7600d) Importer(815301076,1909f56bfc062723c751e8b465ee728b)  -> (artifact id: '2f2b1a85188cafb0f5ca78c449038eec') in 0.433302 seconds 
========================================================================
Received Import Request.
  Time since last request: 10.673762 seconds.
  path: Assets/art assets/RunemarkStudio/DarkFantasyKit [Free]/Meshes/Steps, Floor, Ceiling/Materials/dfk_ceiling_wood_basecolor.png
  artifactKey: Guid(f9eebd76a81f8134696deb87599cf997) Importer(815301076,1909f56bfc062723c751e8b465ee728b)
Start importing Assets/art assets/RunemarkStudio/DarkFantasyKit [Free]/Meshes/Steps, Floor, Ceiling/Materials/dfk_ceiling_wood_basecolor.png using Guid(f9eebd76a81f8134696deb87599cf997) Importer(815301076,1909f56bfc062723c751e8b465ee728b)  -> (artifact id: 'e034ae8683c5e100797bdfd8192a05b0') in 0.021710 seconds 
========================================================================
Received Import Request.
  Time since last request: 0.000028 seconds.
  path: Assets/art assets/RunemarkStudio/DarkFantasyKit [Free]/Meshes/Steps, Floor, Ceiling/Materials/dfk_floor_01.mat
  artifactKey: Guid(58242cd8a87c62944973d9412a7092d3) Importer(815301076,1909f56bfc062723c751e8b465ee728b)
Start importing Assets/art assets/RunemarkStudio/DarkFantasyKit [Free]/Meshes/Steps, Floor, Ceiling/Materials/dfk_floor_01.mat using Guid(58242cd8a87c62944973d9412a7092d3) Importer(815301076,1909f56bfc062723c751e8b465ee728b)  -> (artifact id: '35918640a9f1eba709b502c25b904343') in 0.039970 seconds 
========================================================================
Received Import Request.
  Time since last request: 0.000032 seconds.
  path: Assets/art assets/RunemarkStudio/DarkFantasyKit [Free]/Meshes/Steps, Floor, Ceiling/Materials/dfk_ceiling_wood_normal.png
  artifactKey: Guid(d379fa6357452bc47bdc5a81ba49ee06) Importer(815301076,1909f56bfc062723c751e8b465ee728b)
Start importing Assets/art assets/RunemarkStudio/DarkFantasyKit [Free]/Meshes/Steps, Floor, Ceiling/Materials/dfk_ceiling_wood_normal.png using Guid(d379fa6357452bc47bdc5a81ba49ee06) Importer(815301076,1909f56bfc062723c751e8b465ee728b)  -> (artifact id: 'acb136243949e2274ba6f1361c9fca23') in 0.018255 seconds 
========================================================================
Received Import Request.
  Time since last request: 0.000022 seconds.
  path: Assets/art assets/RunemarkStudio/DarkFantasyKit [Free]/Meshes/Steps, Floor, Ceiling/Materials/dfk_ceiling_wood_SmMetAO.png
  artifactKey: Guid(ca6947dd2a5dbe54096404365583dd2e) Importer(815301076,1909f56bfc062723c751e8b465ee728b)
Start importing Assets/art assets/RunemarkStudio/DarkFantasyKit [Free]/Meshes/Steps, Floor, Ceiling/Materials/dfk_ceiling_wood_SmMetAO.png using Guid(ca6947dd2a5dbe54096404365583dd2e) Importer(815301076,1909f56bfc062723c751e8b465ee728b)  -> (artifact id: 'df89bd4f5fa8e94fbb7d2bee4717f46f') in 0.022221 seconds 
========================================================================
Received Import Request.
  Time since last request: 0.000031 seconds.
  path: Assets/art assets/RunemarkStudio/DarkFantasyKit [Free]/Meshes/Steps, Floor, Ceiling/Materials/dfk_floor_01_normal.png
  artifactKey: Guid(5a62f3e90b745704e99b9ff9c4d4a0c9) Importer(815301076,1909f56bfc062723c751e8b465ee728b)
Start importing Assets/art assets/RunemarkStudio/DarkFantasyKit [Free]/Meshes/Steps, Floor, Ceiling/Materials/dfk_floor_01_normal.png using Guid(5a62f3e90b745704e99b9ff9c4d4a0c9) Importer(815301076,1909f56bfc062723c751e8b465ee728b)  -> (artifact id: '042846404e14bb77d8e591e48a7e6601') in 0.019324 seconds 
========================================================================
Received Import Request.
  Time since last request: 0.000021 seconds.
  path: Assets/art assets/RunemarkStudio/DarkFantasyKit [Free]/Meshes/Steps, Floor, Ceiling/Materials/dfk_floor_01_smmetao.png
  artifactKey: Guid(4dbc0f34c1d30b04cb9e753d830286fe) Importer(815301076,1909f56bfc062723c751e8b465ee728b)
Start importing Assets/art assets/RunemarkStudio/DarkFantasyKit [Free]/Meshes/Steps, Floor, Ceiling/Materials/dfk_floor_01_smmetao.png using Guid(4dbc0f34c1d30b04cb9e753d830286fe) Importer(815301076,1909f56bfc062723c751e8b465ee728b)  -> (artifact id: '4b6be08f0d914c0716219f5d22585f73') in 0.024438 seconds 
========================================================================
Received Import Request.
  Time since last request: 170.731884 seconds.
  path: Assets/art assets/RunemarkStudio/DarkFantasyKit [Free]/Meshes/Walls/dfk_wall_1_door.fbx
  artifactKey: Guid(bc5b4ee67ecae954cbfbfebee0f8fac1) Importer(815301076,1909f56bfc062723c751e8b465ee728b)
Start importing Assets/art assets/RunemarkStudio/DarkFantasyKit [Free]/Meshes/Walls/dfk_wall_1_door.fbx using Guid(bc5b4ee67ecae954cbfbfebee0f8fac1) Importer(815301076,1909f56bfc062723c751e8b465ee728b)  -> (artifact id: '576bcd3fda511d21cb6a5d9e1059a4f1') in 0.061921 seconds 
========================================================================
Received Import Request.
  Time since last request: 0.000024 seconds.
  path: Assets/art assets/RunemarkStudio/DarkFantasyKit [Free]/Meshes/Walls/dfk_wall_window_01.fbx
  artifactKey: Guid(9673191d57cbf784694ee837afc55be9) Importer(815301076,1909f56bfc062723c751e8b465ee728b)
Start importing Assets/art assets/RunemarkStudio/DarkFantasyKit [Free]/Meshes/Walls/dfk_wall_window_01.fbx using Guid(9673191d57cbf784694ee837afc55be9) Importer(815301076,1909f56bfc062723c751e8b465ee728b)  -> (artifact id: '9d291ef11a53ac4162b47efdacbec8fb') in 0.222475 seconds 
