Using pre-set license
Built from '2021.3/staging' branch; Version is '2021.3.9f1 (ad3870b89536) revision 11352176'; Using compiler version '192829333'; Build Type 'Release'
OS: 'Windows 10  (10.0.19043) 64bit Core' Language: 'en' Physical Memory: 16226 MB
BatchMode: 1, IsHumanControllingUs: 0, StartBugReporterOnCrash: 0, Is64bit: 1, IsPro: 1

COMMAND LINE ARGUMENTS:
C:\Program Files\Unity\Hub\Editor\2021.3.9f1\Editor\Unity.exe
-adb2
-batchMode
-noUpm
-name
AssetImportWorker1
-projectPath
C:/Users/kylem/OneDrive/Desktop/IAGO_base/Senses
-logFile
Logs/AssetImportWorker1.log
-srvPort
57925
Successfully changed project path to: C:/Users/kylem/OneDrive/Desktop/IAGO_base/Senses
C:/Users/kylem/OneDrive/Desktop/IAGO_base/Senses
[UnityMemory] Configuration Parameters - Can be set up in boot.config
    "memorysetup-bucket-allocator-granularity=16"
    "memorysetup-bucket-allocator-bucket-count=8"
    "memorysetup-bucket-allocator-block-size=33554432"
    "memorysetup-bucket-allocator-block-count=8"
    "memorysetup-main-allocator-block-size=16777216"
    "memorysetup-thread-allocator-block-size=16777216"
    "memorysetup-gfx-main-allocator-block-size=16777216"
    "memorysetup-gfx-thread-allocator-block-size=16777216"
    "memorysetup-cache-allocator-block-size=4194304"
    "memorysetup-typetree-allocator-block-size=2097152"
    "memorysetup-profiler-bucket-allocator-granularity=16"
    "memorysetup-profiler-bucket-allocator-bucket-count=8"
    "memorysetup-profiler-bucket-allocator-block-size=33554432"
    "memorysetup-profiler-bucket-allocator-block-count=8"
    "memorysetup-profiler-allocator-block-size=16777216"
    "memorysetup-profiler-editor-allocator-block-size=1048576"
    "memorysetup-temp-allocator-size-main=16777216"
    "memorysetup-job-temp-allocator-block-size=2097152"
    "memorysetup-job-temp-allocator-block-size-background=1048576"
    "memorysetup-job-temp-allocator-reduction-small-platforms=262144"
    "memorysetup-temp-allocator-size-background-worker=32768"
    "memorysetup-temp-allocator-size-job-worker=262144"
    "memorysetup-temp-allocator-size-preload-manager=33554432"
    "memorysetup-temp-allocator-size-nav-mesh-worker=65536"
    "memorysetup-temp-allocator-size-audio-worker=65536"
    "memorysetup-temp-allocator-size-cloud-worker=32768"
    "memorysetup-temp-allocator-size-gi-baking-worker=262144"
    "memorysetup-temp-allocator-size-gfx=262144"
Refreshing native plugins compatible for Editor in 125.77 ms, found 3 plugins.
Preloading 0 native plugins for Editor in 0.00 ms.
Initialize engine version: 2021.3.9f1 (ad3870b89536)
[Subsystems] Discovering subsystems at path C:/Program Files/Unity/Hub/Editor/2021.3.9f1/Editor/Data/Resources/UnitySubsystems
[Subsystems] Discovering subsystems at path C:/Users/kylem/OneDrive/Desktop/IAGO_base/Senses/Assets
GfxDevice: creating device client; threaded=0; jobified=0
Direct3D:
    Version:  Direct3D 11.0 [level 11.1]
    Renderer: NVIDIA GeForce GTX 1060 (ID=0x1c20)
    Vendor:   NVIDIA
    VRAM:     6061 MB
    Driver:   23.21.13.8873
Initialize mono
Mono path[0] = 'C:/Program Files/Unity/Hub/Editor/2021.3.9f1/Editor/Data/Managed'
Mono path[1] = 'C:/Program Files/Unity/Hub/Editor/2021.3.9f1/Editor/Data/MonoBleedingEdge/lib/mono/unityjit-win32'
Mono config path = 'C:/Program Files/Unity/Hub/Editor/2021.3.9f1/Editor/Data/MonoBleedingEdge/etc'
Using monoOptions --debugger-agent=transport=dt_socket,embedding=1,server=y,suspend=n,address=127.0.0.1:56640
Begin MonoManager ReloadAssembly
Registering precompiled unity dll's ...
Register platform support module: C:/Program Files/Unity/Hub/Editor/2021.3.9f1/Editor/Data/PlaybackEngines/WebGLSupport/UnityEditor.WebGL.Extensions.dll
Register platform support module: C:/Program Files/Unity/Hub/Editor/2021.3.9f1/Editor/Data/PlaybackEngines/WindowsStandaloneSupport/UnityEditor.WindowsStandalone.Extensions.dll
Registered in 0.012695 seconds.
Native extension for WindowsStandalone target not found
Native extension for WebGL target not found
Refreshing native plugins compatible for Editor in 128.08 ms, found 3 plugins.
Preloading 0 native plugins for Editor in 0.00 ms.
Mono: successfully reloaded assembly
- Completed reload, in  0.900 seconds
Domain Reload Profiling:
	ReloadAssembly (901ms)
		BeginReloadAssembly (90ms)
			ExecutionOrderSort (0ms)
			DisableScriptedObjects (0ms)
			BackupInstance (0ms)
			ReleaseScriptingObjects (0ms)
			CreateAndSetChildDomain (1ms)
		EndReloadAssembly (662ms)
			LoadAssemblies (87ms)
			RebuildTransferFunctionScriptingTraits (0ms)
			SetupTypeCache (127ms)
			ReleaseScriptCaches (0ms)
			RebuildScriptCaches (34ms)
			SetupLoadedEditorAssemblies (435ms)
				LogAssemblyErrors (0ms)
				InitializePlatformSupportModulesInManaged (13ms)
				SetLoadedEditorAssemblies (0ms)
				RefreshPlugins (128ms)
				BeforeProcessingInitializeOnLoad (2ms)
				ProcessInitializeOnLoadAttributes (229ms)
				ProcessInitializeOnLoadMethodAttributes (63ms)
				AfterProcessingInitializeOnLoad (0ms)
				EditorAssembliesLoaded (0ms)
			ExecutionOrderSort2 (0ms)
			AwakeInstancesAfterBackupRestoration (0ms)
Platform modules already initialized, skipping
Registering precompiled user dll's ...
Registered in 0.012327 seconds.
Begin MonoManager ReloadAssembly
Symbol file LoadedFromMemory doesn't match image C:\Users\kylem\OneDrive\Desktop\IAGO_base\Senses\Library\PackageCache\com.unity.visualscripting@1.7.8\Editor\VisualScripting.Core\Dependencies\YamlDotNet\Unity.VisualScripting.YamlDotNet.dll
Symbol file LoadedFromMemory doesn't match image C:\Users\kylem\OneDrive\Desktop\IAGO_base\Senses\Library\PackageCache\com.unity.visualscripting@1.7.8\Editor\VisualScripting.Core\Dependencies\DotNetZip\Unity.VisualScripting.IonicZip.dll
Native extension for WindowsStandalone target not found
Native extension for WebGL target not found
Refreshing native plugins compatible for Editor in 113.24 ms, found 3 plugins.
Preloading 0 native plugins for Editor in 0.00 ms.
Mono: successfully reloaded assembly
- Completed reload, in  1.790 seconds
Domain Reload Profiling:
	ReloadAssembly (1791ms)
		BeginReloadAssembly (149ms)
			ExecutionOrderSort (0ms)
			DisableScriptedObjects (7ms)
			BackupInstance (0ms)
			ReleaseScriptingObjects (0ms)
			CreateAndSetChildDomain (22ms)
		EndReloadAssembly (1477ms)
			LoadAssemblies (123ms)
			RebuildTransferFunctionScriptingTraits (0ms)
			SetupTypeCache (378ms)
			ReleaseScriptCaches (1ms)
			RebuildScriptCaches (85ms)
			SetupLoadedEditorAssemblies (833ms)
				LogAssemblyErrors (0ms)
				InitializePlatformSupportModulesInManaged (9ms)
				SetLoadedEditorAssemblies (0ms)
				RefreshPlugins (113ms)
				BeforeProcessingInitializeOnLoad (141ms)
				ProcessInitializeOnLoadAttributes (466ms)
				ProcessInitializeOnLoadMethodAttributes (92ms)
				AfterProcessingInitializeOnLoad (12ms)
				EditorAssembliesLoaded (0ms)
			ExecutionOrderSort2 (0ms)
			AwakeInstancesAfterBackupRestoration (13ms)
Platform modules already initialized, skipping
========================================================================
Worker process is ready to serve import requests
Launched and connected shader compiler UnityShaderCompiler.exe after 0.07 seconds
Refreshing native plugins compatible for Editor in 0.80 ms, found 3 plugins.
Preloading 0 native plugins for Editor in 0.00 ms.
Unloading 3942 Unused Serialized files (Serialized files now loaded: 0)
Unloading 43 unused Assets / (159.0 KB). Loaded Objects now: 4429.
Memory consumption went from 155.9 MB to 155.7 MB.
Total: 4.234700 ms (FindLiveObjects: 0.461700 ms CreateObjectMapping: 0.371900 ms MarkObjects: 3.211700 ms  DeleteObjects: 0.187900 ms)

AssetImportParameters requested are different than current active one (requested -> active):
  custom:video-decoder-ogg-theora: a1e56fd34408186e4bbccfd4996cb3dc -> 
  custom:container-muxer-webm: aa71ff27fc2769a1b78a27578f13a17b -> 
  custom:container-demuxer-webm: 4f35f7cbe854078d1ac9338744f61a02 -> 
  custom:video-encoder-webm-vp8: eb34c28f22e8b96e1ab97ce403110664 -> 
  custom:audio-encoder-webm-vorbis: bf7c407c2cedff20999df2af8eb42d56 -> 
  custom:framework-win-MediaFoundation: 216162199b28c13a410421893ffa2e32 -> 
  custom:container-demuxer-ogg: 62fdf1f143b41e24485cea50d1cbac27 -> 
  custom:video-decoder-webm-vp8: 9c59270c3fd7afecdb556c50c9e8de78 -> 
  custom:audio-decoder-ogg-vorbis: bf7c407c2cedff20999df2af8eb42d56 -> 
========================================================================
Received Import Request.
  Time since last request: 1060642.687163 seconds.
  path: Assets/StarterAssets/AI Componenets/GameManager.cs
  artifactKey: Guid(8178738c142d3d14b96a19f7c1d4e459) Importer(815301076,1909f56bfc062723c751e8b465ee728b)
Start importing Assets/StarterAssets/AI Componenets/GameManager.cs using Guid(8178738c142d3d14b96a19f7c1d4e459) Importer(815301076,1909f56bfc062723c751e8b465ee728b)  -> (artifact id: 'f8d2f80cbf2df6cbac23c90f72250973') in 0.055935 seconds 
========================================================================
Received Import Request.
  Time since last request: 0.000039 seconds.
  path: Assets/StarterAssets/AI Componenets/PlayerBehavior.cs
  artifactKey: Guid(3b05080950d0d10409ca509d8e34eaa1) Importer(815301076,1909f56bfc062723c751e8b465ee728b)
Start importing Assets/StarterAssets/AI Componenets/PlayerBehavior.cs using Guid(3b05080950d0d10409ca509d8e34eaa1) Importer(815301076,1909f56bfc062723c751e8b465ee728b)  -> (artifact id: 'd0bad5a881bbe11c69c7aadea93e8b73') in 0.010595 seconds 
========================================================================
Received Import Request.
  Time since last request: 69.108193 seconds.
  path: Assets/art assets/Old Sea Port/Materials/Barrel_Shiny.mat
  artifactKey: Guid(790aef9e41abc39439890f1d40bf092d) Importer(815301076,1909f56bfc062723c751e8b465ee728b)
Start importing Assets/art assets/Old Sea Port/Materials/Barrel_Shiny.mat using Guid(790aef9e41abc39439890f1d40bf092d) Importer(815301076,1909f56bfc062723c751e8b465ee728b)  -> (artifact id: '0d75a573e2a238887f54d36e3d912d65') in 0.567556 seconds 
========================================================================
Received Import Request.
  Time since last request: 0.000032 seconds.
  path: Assets/art assets/Old Sea Port/prefabs/building_segment_6.prefab
  artifactKey: Guid(7d609f7b85b8b834c967c9708aa167ee) Importer(815301076,1909f56bfc062723c751e8b465ee728b)
Start importing Assets/art assets/Old Sea Port/prefabs/building_segment_6.prefab using Guid(7d609f7b85b8b834c967c9708aa167ee) Importer(815301076,1909f56bfc062723c751e8b465ee728b)  -> (artifact id: '19b57873e900c8cd00144153182b4ef9') in 0.117315 seconds 
========================================================================
Received Import Request.
  Time since last request: 0.000054 seconds.
  path: Assets/art assets/RunemarkStudio/DarkFantasyKit [Free]/Meshes/Furniture/dfk_bed_single_02.fbx
  artifactKey: Guid(9b6990e5e09f8e44289508e6499ad303) Importer(815301076,1909f56bfc062723c751e8b465ee728b)
Start importing Assets/art assets/RunemarkStudio/DarkFantasyKit [Free]/Meshes/Furniture/dfk_bed_single_02.fbx using Guid(9b6990e5e09f8e44289508e6499ad303) Importer(815301076,1909f56bfc062723c751e8b465ee728b)  -> (artifact id: 'e59466d42c95d1a5f30b412e81abff48') in 0.118148 seconds 
========================================================================
Received Import Request.
  Time since last request: 0.000023 seconds.
  path: Assets/art assets/Old Sea Port/mesh/building_segment_6.fbx
  artifactKey: Guid(ceaf37662ffe76840a151e0bc5b366ab) Importer(815301076,1909f56bfc062723c751e8b465ee728b)
Start importing Assets/art assets/Old Sea Port/mesh/building_segment_6.fbx using Guid(ceaf37662ffe76840a151e0bc5b366ab) Importer(815301076,1909f56bfc062723c751e8b465ee728b)  -> (artifact id: 'f5b3cc1d97e60a60b9f5158529a0d129') in 0.029550 seconds 
========================================================================
Received Import Request.
  Time since last request: 0.000022 seconds.
  path: Assets/art assets/Old Sea Port/prefabs/building_segment_1.prefab
  artifactKey: Guid(287711fb95cdc004b814e53a055b4b1e) Importer(815301076,1909f56bfc062723c751e8b465ee728b)
Start importing Assets/art assets/Old Sea Port/prefabs/building_segment_1.prefab using Guid(287711fb95cdc004b814e53a055b4b1e) Importer(815301076,1909f56bfc062723c751e8b465ee728b)  -> (artifact id: '339ec0085e7772ea76a6494d1cbd153e') in 0.038251 seconds 
========================================================================
Received Import Request.
  Time since last request: 0.000018 seconds.
  path: Assets/art assets/Old Sea Port/prefabs/building_segment_3.prefab
  artifactKey: Guid(dee3db12ee2f57c41af34c16d2fde197) Importer(815301076,1909f56bfc062723c751e8b465ee728b)
Start importing Assets/art assets/Old Sea Port/prefabs/building_segment_3.prefab using Guid(dee3db12ee2f57c41af34c16d2fde197) Importer(815301076,1909f56bfc062723c751e8b465ee728b)  -> (artifact id: 'aa4f9503cbf8e5041060b67ccd4266f9') in 0.027552 seconds 
========================================================================
Received Import Request.
  Time since last request: 0.000036 seconds.
  path: Assets/art assets/Old Sea Port/prefabs/building_segment_4.prefab
  artifactKey: Guid(94de232499f0e2344a01df0f4013ddd2) Importer(815301076,1909f56bfc062723c751e8b465ee728b)
Start importing Assets/art assets/Old Sea Port/prefabs/building_segment_4.prefab using Guid(94de232499f0e2344a01df0f4013ddd2) Importer(815301076,1909f56bfc062723c751e8b465ee728b)  -> (artifact id: 'bd18f8d81e9b79d22ebb170ab105313e') in 0.035106 seconds 
========================================================================
Received Import Request.
  Time since last request: 0.000042 seconds.
  path: Assets/art assets/Old Sea Port/prefabs/building_segment_2.prefab
  artifactKey: Guid(e2815925c4988c3438817c46d19d1b3f) Importer(815301076,1909f56bfc062723c751e8b465ee728b)
Start importing Assets/art assets/Old Sea Port/prefabs/building_segment_2.prefab using Guid(e2815925c4988c3438817c46d19d1b3f) Importer(815301076,1909f56bfc062723c751e8b465ee728b)  -> (artifact id: '15c7351dfde5e43c132860bcae58e3d7') in 0.036637 seconds 
========================================================================
Received Import Request.
  Time since last request: 0.000025 seconds.
  path: Assets/art assets/Old Sea Port/mesh/building_segment_1.fbx
  artifactKey: Guid(fe7815a17afaa784a80f9bab1b3aa807) Importer(815301076,1909f56bfc062723c751e8b465ee728b)
Start importing Assets/art assets/Old Sea Port/mesh/building_segment_1.fbx using Guid(fe7815a17afaa784a80f9bab1b3aa807) Importer(815301076,1909f56bfc062723c751e8b465ee728b)  -> (artifact id: '53eff4eaa9bcf602a9a7e99239734fab') in 0.027275 seconds 
========================================================================
Received Import Request.
  Time since last request: 0.000031 seconds.
  path: Assets/art assets/Old Sea Port/mesh/building_segment_4.fbx
  artifactKey: Guid(592baa9a80ff7844bbfcc133a0f63878) Importer(815301076,1909f56bfc062723c751e8b465ee728b)
Start importing Assets/art assets/Old Sea Port/mesh/building_segment_4.fbx using Guid(592baa9a80ff7844bbfcc133a0f63878) Importer(815301076,1909f56bfc062723c751e8b465ee728b)  -> (artifact id: 'b72ba089ebd40cc6fc103afe7995f8c4') in 0.035403 seconds 
========================================================================
Received Import Request.
  Time since last request: 0.000029 seconds.
  path: Assets/art assets/Old Sea Port/Materials/Brick Wall_2_Shiny.mat
  artifactKey: Guid(5b8e306b8f1292a45b62cbb48b6d1467) Importer(815301076,1909f56bfc062723c751e8b465ee728b)
Start importing Assets/art assets/Old Sea Port/Materials/Brick Wall_2_Shiny.mat using Guid(5b8e306b8f1292a45b62cbb48b6d1467) Importer(815301076,1909f56bfc062723c751e8b465ee728b)  -> (artifact id: '0e09ebb07d16e5ac654449ec2058bcd0') in 0.036105 seconds 
========================================================================
Received Import Request.
  Time since last request: 0.000035 seconds.
  path: Assets/art assets/Old Sea Port/mesh/building_segment_2.fbx
  artifactKey: Guid(8bf66b04564362f459c70d380960818a) Importer(815301076,1909f56bfc062723c751e8b465ee728b)
Start importing Assets/art assets/Old Sea Port/mesh/building_segment_2.fbx using Guid(8bf66b04564362f459c70d380960818a) Importer(815301076,1909f56bfc062723c751e8b465ee728b)  -> (artifact id: '18c4039114c75623707e9abeb59ec1cf') in 0.022767 seconds 
