Using pre-set license
Built from '2021.3/staging' branch; Version is '2021.3.9f1 (ad3870b89536) revision 11352176'; Using compiler version '192829333'; Build Type 'Release'
OS: 'Windows 10  (10.0.19044) 64bit Education' Language: 'en' Physical Memory: 8077 MB
BatchMode: 1, IsHumanControllingUs: 0, StartBugReporterOnCrash: 0, Is64bit: 1, IsPro: 1

COMMAND LINE ARGUMENTS:
C:\Program Files\Unity\Hub\Editor\2021.3.9f1\Editor\Unity.exe
-adb2
-batchMode
-noUpm
-name
AssetImportWorker0
-projectPath
C:/Users/J/Documents/GitHub/Senses
-logFile
Logs/AssetImportWorker0.log
-srvPort
59485
Successfully changed project path to: C:/Users/J/Documents/GitHub/Senses
C:/Users/J/Documents/GitHub/Senses
[UnityMemory] Configuration Parameters - Can be set up in boot.config
    "memorysetup-bucket-allocator-granularity=16"
    "memorysetup-bucket-allocator-bucket-count=8"
    "memorysetup-bucket-allocator-block-size=33554432"
    "memorysetup-bucket-allocator-block-count=8"
    "memorysetup-main-allocator-block-size=16777216"
    "memorysetup-thread-allocator-block-size=16777216"
    "memorysetup-gfx-main-allocator-block-size=16777216"
    "memorysetup-gfx-thread-allocator-block-size=16777216"
    "memorysetup-cache-allocator-block-size=4194304"
    "memorysetup-typetree-allocator-block-size=2097152"
    "memorysetup-profiler-bucket-allocator-granularity=16"
    "memorysetup-profiler-bucket-allocator-bucket-count=8"
    "memorysetup-profiler-bucket-allocator-block-size=33554432"
    "memorysetup-profiler-bucket-allocator-block-count=8"
    "memorysetup-profiler-allocator-block-size=16777216"
    "memorysetup-profiler-editor-allocator-block-size=1048576"
    "memorysetup-temp-allocator-size-main=16777216"
    "memorysetup-job-temp-allocator-block-size=2097152"
    "memorysetup-job-temp-allocator-block-size-background=1048576"
    "memorysetup-job-temp-allocator-reduction-small-platforms=262144"
    "memorysetup-temp-allocator-size-background-worker=32768"
    "memorysetup-temp-allocator-size-job-worker=262144"
    "memorysetup-temp-allocator-size-preload-manager=33554432"
    "memorysetup-temp-allocator-size-nav-mesh-worker=65536"
    "memorysetup-temp-allocator-size-audio-worker=65536"
    "memorysetup-temp-allocator-size-cloud-worker=32768"
    "memorysetup-temp-allocator-size-gi-baking-worker=262144"
    "memorysetup-temp-allocator-size-gfx=262144"
Refreshing native plugins compatible for Editor in 111.98 ms, found 3 plugins.
Preloading 0 native plugins for Editor in 0.00 ms.
Initialize engine version: 2021.3.9f1 (ad3870b89536)
[Subsystems] Discovering subsystems at path C:/Program Files/Unity/Hub/Editor/2021.3.9f1/Editor/Data/Resources/UnitySubsystems
[Subsystems] Discovering subsystems at path C:/Users/J/Documents/GitHub/Senses/Assets
GfxDevice: creating device client; threaded=0; jobified=0
Direct3D:
    Version:  Direct3D 11.0 [level 11.1]
    Renderer: Radeon (TM) RX 470 Graphics (ID=0x67df)
    Vendor:   ATI
    VRAM:     4075 MB
    Driver:   30.0.13023.4001
Initialize mono
Mono path[0] = 'C:/Program Files/Unity/Hub/Editor/2021.3.9f1/Editor/Data/Managed'
Mono path[1] = 'C:/Program Files/Unity/Hub/Editor/2021.3.9f1/Editor/Data/MonoBleedingEdge/lib/mono/unityjit-win32'
Mono config path = 'C:/Program Files/Unity/Hub/Editor/2021.3.9f1/Editor/Data/MonoBleedingEdge/etc'
Using monoOptions --debugger-agent=transport=dt_socket,embedding=1,server=y,suspend=n,address=127.0.0.1:56848
Begin MonoManager ReloadAssembly
Registering precompiled unity dll's ...
Register platform support module: C:/Program Files/Unity/Hub/Editor/2021.3.9f1/Editor/Data/PlaybackEngines/WebGLSupport/UnityEditor.WebGL.Extensions.dll
Register platform support module: C:/Program Files/Unity/Hub/Editor/2021.3.9f1/Editor/Data/PlaybackEngines/WindowsStandaloneSupport/UnityEditor.WindowsStandalone.Extensions.dll
Registered in 0.009781 seconds.
Native extension for WindowsStandalone target not found
Native extension for WebGL target not found
Refreshing native plugins compatible for Editor in 108.83 ms, found 3 plugins.
Preloading 0 native plugins for Editor in 0.00 ms.
Mono: successfully reloaded assembly
- Completed reload, in  0.818 seconds
Domain Reload Profiling:
	ReloadAssembly (818ms)
		BeginReloadAssembly (91ms)
			ExecutionOrderSort (0ms)
			DisableScriptedObjects (0ms)
			BackupInstance (0ms)
			ReleaseScriptingObjects (0ms)
			CreateAndSetChildDomain (1ms)
		EndReloadAssembly (593ms)
			LoadAssemblies (89ms)
			RebuildTransferFunctionScriptingTraits (0ms)
			SetupTypeCache (126ms)
			ReleaseScriptCaches (0ms)
			RebuildScriptCaches (34ms)
			SetupLoadedEditorAssemblies (371ms)
				LogAssemblyErrors (0ms)
				InitializePlatformSupportModulesInManaged (11ms)
				SetLoadedEditorAssemblies (0ms)
				RefreshPlugins (109ms)
				BeforeProcessingInitializeOnLoad (1ms)
				ProcessInitializeOnLoadAttributes (186ms)
				ProcessInitializeOnLoadMethodAttributes (64ms)
				AfterProcessingInitializeOnLoad (0ms)
				EditorAssembliesLoaded (0ms)
			ExecutionOrderSort2 (0ms)
			AwakeInstancesAfterBackupRestoration (0ms)
Platform modules already initialized, skipping
Registering precompiled user dll's ...
Registered in 0.008186 seconds.
Begin MonoManager ReloadAssembly
Symbol file LoadedFromMemory doesn't match image C:\Users\J\Documents\GitHub\Senses\Library\PackageCache\com.unity.visualscripting@1.7.8\Editor\VisualScripting.Core\Dependencies\YamlDotNet\Unity.VisualScripting.YamlDotNet.dll
Symbol file LoadedFromMemory doesn't match image C:\Users\J\Documents\GitHub\Senses\Library\PackageCache\com.unity.visualscripting@1.7.8\Editor\VisualScripting.Core\Dependencies\DotNetZip\Unity.VisualScripting.IonicZip.dll
Native extension for WindowsStandalone target not found
Native extension for WebGL target not found
Refreshing native plugins compatible for Editor in 111.89 ms, found 3 plugins.
Preloading 0 native plugins for Editor in 0.00 ms.
Mono: successfully reloaded assembly
- Completed reload, in  1.586 seconds
Domain Reload Profiling:
	ReloadAssembly (1588ms)
		BeginReloadAssembly (134ms)
			ExecutionOrderSort (0ms)
			DisableScriptedObjects (7ms)
			BackupInstance (0ms)
			ReleaseScriptingObjects (0ms)
			CreateAndSetChildDomain (21ms)
		EndReloadAssembly (1313ms)
			LoadAssemblies (107ms)
			RebuildTransferFunctionScriptingTraits (0ms)
			SetupTypeCache (362ms)
			ReleaseScriptCaches (1ms)
			RebuildScriptCaches (77ms)
			SetupLoadedEditorAssemblies (711ms)
				LogAssemblyErrors (0ms)
				InitializePlatformSupportModulesInManaged (7ms)
				SetLoadedEditorAssemblies (0ms)
				RefreshPlugins (112ms)
				BeforeProcessingInitializeOnLoad (115ms)
				ProcessInitializeOnLoadAttributes (415ms)
				ProcessInitializeOnLoadMethodAttributes (50ms)
				AfterProcessingInitializeOnLoad (10ms)
				EditorAssembliesLoaded (0ms)
			ExecutionOrderSort2 (0ms)
			AwakeInstancesAfterBackupRestoration (8ms)
Platform modules already initialized, skipping
========================================================================
Worker process is ready to serve import requests
Launched and connected shader compiler UnityShaderCompiler.exe after 0.33 seconds
Refreshing native plugins compatible for Editor in 0.77 ms, found 3 plugins.
Preloading 0 native plugins for Editor in 0.00 ms.
Unloading 3943 Unused Serialized files (Serialized files now loaded: 0)
Unloading 43 unused Assets / (158.3 KB). Loaded Objects now: 4425.
Memory consumption went from 155.3 MB to 155.1 MB.
Total: 4.519700 ms (FindLiveObjects: 0.406100 ms CreateObjectMapping: 0.412300 ms MarkObjects: 3.532100 ms  DeleteObjects: 0.167800 ms)

AssetImportParameters requested are different than current active one (requested -> active):
  custom:video-decoder-ogg-theora: a1e56fd34408186e4bbccfd4996cb3dc -> 
  custom:container-muxer-webm: aa71ff27fc2769a1b78a27578f13a17b -> 
  custom:container-demuxer-webm: 4f35f7cbe854078d1ac9338744f61a02 -> 
  custom:video-encoder-webm-vp8: eb34c28f22e8b96e1ab97ce403110664 -> 
  custom:audio-encoder-webm-vorbis: bf7c407c2cedff20999df2af8eb42d56 -> 
  custom:framework-win-MediaFoundation: 216162199b28c13a410421893ffa2e32 -> 
  custom:container-demuxer-ogg: 62fdf1f143b41e24485cea50d1cbac27 -> 
  custom:video-decoder-webm-vp8: 9c59270c3fd7afecdb556c50c9e8de78 -> 
  custom:audio-decoder-ogg-vorbis: bf7c407c2cedff20999df2af8eb42d56 -> 
========================================================================
Received Import Request.
  Time since last request: 277459.273207 seconds.
  path: Assets/Scenes/Inside Hotel/NavMesh.asset
  artifactKey: Guid(24ccc1f2e7f903748aa6559d11c00cdc) Importer(815301076,1909f56bfc062723c751e8b465ee728b)
Start importing Assets/Scenes/Inside Hotel/NavMesh.asset using Guid(24ccc1f2e7f903748aa6559d11c00cdc) Importer(815301076,1909f56bfc062723c751e8b465ee728b)  -> (artifact id: '17d6a318caf788e7c0f681465304c98b') in 0.050213 seconds 
========================================================================
Received Prepare
Registering precompiled user dll's ...
Registered in 0.007219 seconds.
Begin MonoManager ReloadAssembly
Symbol file LoadedFromMemory doesn't match image C:\Users\J\Documents\GitHub\Senses\Library\PackageCache\com.unity.visualscripting@1.7.8\Editor\VisualScripting.Core\Dependencies\YamlDotNet\Unity.VisualScripting.YamlDotNet.dll
Symbol file LoadedFromMemory doesn't match image C:\Users\J\Documents\GitHub\Senses\Library\PackageCache\com.unity.visualscripting@1.7.8\Editor\VisualScripting.Core\Dependencies\DotNetZip\Unity.VisualScripting.IonicZip.dll
Native extension for WindowsStandalone target not found
Native extension for WebGL target not found
Refreshing native plugins compatible for Editor in 0.96 ms, found 3 plugins.
Preloading 0 native plugins for Editor in 0.00 ms.
Mono: successfully reloaded assembly
- Completed reload, in  1.631 seconds
Domain Reload Profiling:
	ReloadAssembly (1632ms)
		BeginReloadAssembly (177ms)
			ExecutionOrderSort (0ms)
			DisableScriptedObjects (6ms)
			BackupInstance (0ms)
			ReleaseScriptingObjects (0ms)
			CreateAndSetChildDomain (45ms)
		EndReloadAssembly (1338ms)
			LoadAssemblies (121ms)
			RebuildTransferFunctionScriptingTraits (0ms)
			SetupTypeCache (427ms)
			ReleaseScriptCaches (2ms)
			RebuildScriptCaches (70ms)
			SetupLoadedEditorAssemblies (643ms)
				LogAssemblyErrors (0ms)
				InitializePlatformSupportModulesInManaged (21ms)
				SetLoadedEditorAssemblies (1ms)
				RefreshPlugins (1ms)
				BeforeProcessingInitializeOnLoad (105ms)
				ProcessInitializeOnLoadAttributes (429ms)
				ProcessInitializeOnLoadMethodAttributes (72ms)
				AfterProcessingInitializeOnLoad (13ms)
				EditorAssembliesLoaded (0ms)
			ExecutionOrderSort2 (0ms)
			AwakeInstancesAfterBackupRestoration (11ms)
Platform modules already initialized, skipping
Refreshing native plugins compatible for Editor in 3.26 ms, found 3 plugins.
Preloading 0 native plugins for Editor in 0.00 ms.
Unloading 3922 Unused Serialized files (Serialized files now loaded: 0)
Unloading 23 unused Assets / (151.9 KB). Loaded Objects now: 4441.
Memory consumption went from 153.5 MB to 153.4 MB.
Total: 4.320000 ms (FindLiveObjects: 0.320000 ms CreateObjectMapping: 0.357600 ms MarkObjects: 3.496100 ms  DeleteObjects: 0.144800 ms)

AssetImportParameters requested are different than current active one (requested -> active):
  custom:video-decoder-ogg-theora: a1e56fd34408186e4bbccfd4996cb3dc -> 
  custom:container-muxer-webm: aa71ff27fc2769a1b78a27578f13a17b -> 
  custom:container-demuxer-webm: 4f35f7cbe854078d1ac9338744f61a02 -> 
  custom:video-encoder-webm-vp8: eb34c28f22e8b96e1ab97ce403110664 -> 
  custom:audio-encoder-webm-vorbis: bf7c407c2cedff20999df2af8eb42d56 -> 
  custom:framework-win-MediaFoundation: 216162199b28c13a410421893ffa2e32 -> 
  custom:container-demuxer-ogg: 62fdf1f143b41e24485cea50d1cbac27 -> 
  custom:video-decoder-webm-vp8: 9c59270c3fd7afecdb556c50c9e8de78 -> 
  custom:audio-decoder-ogg-vorbis: bf7c407c2cedff20999df2af8eb42d56 -> 
========================================================================
Received Import Request.
  Time since last request: 115.817301 seconds.
  path: Assets/Scenes/Inside Hotel/Outside.unity
  artifactKey: Guid(84c34c21a1bc0314fbce559bcfdc8daf) Importer(815301076,1909f56bfc062723c751e8b465ee728b)
Start importing Assets/Scenes/Inside Hotel/Outside.unity using Guid(84c34c21a1bc0314fbce559bcfdc8daf) Importer(815301076,1909f56bfc062723c751e8b465ee728b)  -> (artifact id: '3d7a41f52b55780043da6ec861c4f2ff') in 0.014220 seconds 
========================================================================
Received Import Request.
  Time since last request: 177.833175 seconds.
  path: Assets/Scenes/Inside Hotel/Inside Hotel.unity
  artifactKey: Guid(4a15cc2196ff1454c912d1cad7041148) Importer(815301076,1909f56bfc062723c751e8b465ee728b)
Start importing Assets/Scenes/Inside Hotel/Inside Hotel.unity using Guid(4a15cc2196ff1454c912d1cad7041148) Importer(815301076,1909f56bfc062723c751e8b465ee728b)  -> (artifact id: '603a8bcd7924db0639382e88fe5c0dd7') in 0.008410 seconds 
========================================================================
Received Import Request.
  Time since last request: 19.598252 seconds.
  path: Assets/Scenes/Inside Hotel/Outside.unity
  artifactKey: Guid(84c34c21a1bc0314fbce559bcfdc8daf) Importer(815301076,1909f56bfc062723c751e8b465ee728b)
Start importing Assets/Scenes/Inside Hotel/Outside.unity using Guid(84c34c21a1bc0314fbce559bcfdc8daf) Importer(815301076,1909f56bfc062723c751e8b465ee728b)  -> (artifact id: '6280bab22ba74e6f5099f80a65755a11') in 0.003054 seconds 
========================================================================
Received Import Request.
  Time since last request: 2194.729982 seconds.
  path: Assets/art assets/Old Sea Port
  artifactKey: Guid(5ceae24990bec7045a9aa2e8917367b1) Importer(815301076,1909f56bfc062723c751e8b465ee728b)
Start importing Assets/art assets/Old Sea Port using Guid(5ceae24990bec7045a9aa2e8917367b1) Importer(815301076,1909f56bfc062723c751e8b465ee728b)  -> (artifact id: '57d76ae467b14cc3b3bd5b999329a85f') in 0.011106 seconds 
========================================================================
Received Import Request.
  Time since last request: 5.914752 seconds.
  path: Assets/art assets/Old Sea Port/scenes
  artifactKey: Guid(f089578880e3cac4684a3bfbdf27164f) Importer(815301076,1909f56bfc062723c751e8b465ee728b)
Start importing Assets/art assets/Old Sea Port/scenes using Guid(f089578880e3cac4684a3bfbdf27164f) Importer(815301076,1909f56bfc062723c751e8b465ee728b)  -> (artifact id: '2f46b1f1c4f2ab193ab5ec83927621eb') in 0.010000 seconds 
========================================================================
Received Import Request.
  Time since last request: 2.054868 seconds.
  path: Assets/art assets/Old Sea Port/scenes/Dock Thing
  artifactKey: Guid(e441219f8ee70f04897efe1918fd5d70) Importer(815301076,1909f56bfc062723c751e8b465ee728b)
Start importing Assets/art assets/Old Sea Port/scenes/Dock Thing using Guid(e441219f8ee70f04897efe1918fd5d70) Importer(815301076,1909f56bfc062723c751e8b465ee728b)  -> (artifact id: 'ec7f18a2166e55cb02f4d79fb915c7ef') in 0.008952 seconds 
========================================================================
Received Import Request.
  Time since last request: 0.078786 seconds.
  path: Assets/art assets/Old Sea Port/scenes/Dock Thing/LightingData.asset
  artifactKey: Guid(931ed40db9820e84fab169155396a755) Importer(815301076,1909f56bfc062723c751e8b465ee728b)
Start importing Assets/art assets/Old Sea Port/scenes/Dock Thing/LightingData.asset using Guid(931ed40db9820e84fab169155396a755) Importer(815301076,1909f56bfc062723c751e8b465ee728b)  -> (artifact id: '891eae3a59c691feb9074002b5ad550d') in 0.136965 seconds 
========================================================================
Received Import Request.
  Time since last request: 0.000025 seconds.
  path: Assets/art assets/Old Sea Port/scenes/Dock Thing/ReflectionProbe-8.exr
  artifactKey: Guid(325068744a08ae84fac41b54971b231d) Importer(815301076,1909f56bfc062723c751e8b465ee728b)
Start importing Assets/art assets/Old Sea Port/scenes/Dock Thing/ReflectionProbe-8.exr using Guid(325068744a08ae84fac41b54971b231d) Importer(815301076,1909f56bfc062723c751e8b465ee728b)  -> (artifact id: '498379b39652a23a5eb55ad0615e9f6a') in 0.497114 seconds 
========================================================================
Received Import Request.
  Time since last request: 0.000033 seconds.
  path: Assets/art assets/Old Sea Port/scenes/Dock Thing/ReflectionProbe-6.exr
  artifactKey: Guid(9f1c088b64d6b11439e9d4ff2ec3e0cf) Importer(815301076,1909f56bfc062723c751e8b465ee728b)
Start importing Assets/art assets/Old Sea Port/scenes/Dock Thing/ReflectionProbe-6.exr using Guid(9f1c088b64d6b11439e9d4ff2ec3e0cf) Importer(815301076,1909f56bfc062723c751e8b465ee728b)  -> (artifact id: '61e28aff92616ba546e4bb4651ae7e29') in 0.046595 seconds 
========================================================================
Received Import Request.
  Time since last request: 0.000027 seconds.
  path: Assets/art assets/Old Sea Port/scenes/Dock Thing/ReflectionProbe-3.exr
  artifactKey: Guid(6bd987420f1a8334bb98098d8cb4c883) Importer(815301076,1909f56bfc062723c751e8b465ee728b)
Start importing Assets/art assets/Old Sea Port/scenes/Dock Thing/ReflectionProbe-3.exr using Guid(6bd987420f1a8334bb98098d8cb4c883) Importer(815301076,1909f56bfc062723c751e8b465ee728b)  -> (artifact id: '3eb049c4d42f1537557922567aaaee42') in 0.032155 seconds 
========================================================================
Received Import Request.
  Time since last request: 0.000025 seconds.
  path: Assets/art assets/Old Sea Port/scenes/Dock Thing/ReflectionProbe-1.exr
  artifactKey: Guid(cfeb876c0ac00c547b66d782d243ae04) Importer(815301076,1909f56bfc062723c751e8b465ee728b)
Start importing Assets/art assets/Old Sea Port/scenes/Dock Thing/ReflectionProbe-1.exr using Guid(cfeb876c0ac00c547b66d782d243ae04) Importer(815301076,1909f56bfc062723c751e8b465ee728b)  -> (artifact id: '48299ac0edc09757ed8893bb0784bb5c') in 0.056276 seconds 
========================================================================
Received Import Request.
  Time since last request: 0.000023 seconds.
  path: Assets/art assets/Old Sea Port/scenes/Dock Thing/ReflectionProbe-0.exr
  artifactKey: Guid(82079f3144d4e6a408834e1d92d39efb) Importer(815301076,1909f56bfc062723c751e8b465ee728b)
Start importing Assets/art assets/Old Sea Port/scenes/Dock Thing/ReflectionProbe-0.exr using Guid(82079f3144d4e6a408834e1d92d39efb) Importer(815301076,1909f56bfc062723c751e8b465ee728b)  -> (artifact id: 'a2da9a6d206476a75b342bda0f14ee58') in 0.072377 seconds 
========================================================================
Received Import Request.
  Time since last request: 0.000027 seconds.
  path: Assets/art assets/Old Sea Port/scenes/Dock Thing/ReflectionProbe-7.exr
  artifactKey: Guid(f07a05ef08f5afa438da798b2196d5ea) Importer(815301076,1909f56bfc062723c751e8b465ee728b)
Start importing Assets/art assets/Old Sea Port/scenes/Dock Thing/ReflectionProbe-7.exr using Guid(f07a05ef08f5afa438da798b2196d5ea) Importer(815301076,1909f56bfc062723c751e8b465ee728b)  -> (artifact id: 'f4004307d7f66a4256586b70a71c6045') in 0.055190 seconds 
========================================================================
Received Import Request.
  Time since last request: 0.000035 seconds.
  path: Assets/art assets/Old Sea Port/scenes/Dock Thing/ReflectionProbe-4.exr
  artifactKey: Guid(ce0590de41061ed479a880ee6a062c12) Importer(815301076,1909f56bfc062723c751e8b465ee728b)
Start importing Assets/art assets/Old Sea Port/scenes/Dock Thing/ReflectionProbe-4.exr using Guid(ce0590de41061ed479a880ee6a062c12) Importer(815301076,1909f56bfc062723c751e8b465ee728b)  -> (artifact id: '0470308794d44e2dba1a7ca3c4ea9598') in 0.042326 seconds 
========================================================================
Received Import Request.
  Time since last request: 2.311099 seconds.
  path: Assets/art assets/Old Sea Port/scenes/Dock Thing_Profiles
  artifactKey: Guid(dcc93437a92918c46a2e927c5749223c) Importer(815301076,1909f56bfc062723c751e8b465ee728b)
Start importing Assets/art assets/Old Sea Port/scenes/Dock Thing_Profiles using Guid(dcc93437a92918c46a2e927c5749223c) Importer(815301076,1909f56bfc062723c751e8b465ee728b)  -> (artifact id: '1f34e125c59955d5575827e287ab9e0f') in 0.009256 seconds 
========================================================================
Received Import Request.
  Time since last request: 0.100971 seconds.
  path: Assets/art assets/Old Sea Port/scenes/Dock Thing_Profiles/Post-process Volume Profile_Old Sea Port.asset
  artifactKey: Guid(c4272b84e8d2077489f21b1669082645) Importer(815301076,1909f56bfc062723c751e8b465ee728b)
Start importing Assets/art assets/Old Sea Port/scenes/Dock Thing_Profiles/Post-process Volume Profile_Old Sea Port.asset using Guid(c4272b84e8d2077489f21b1669082645) Importer(815301076,1909f56bfc062723c751e8b465ee728b)  -> (artifact id: 'c9e0b8db1fca4ca7ce69086e0e65db49') in 0.007445 seconds 
========================================================================
Received Import Request.
  Time since last request: 1.764131 seconds.
  path: Assets/art assets/Old Sea Port/scenes/Dock Thing.unity
  artifactKey: Guid(f4fc660ad7cf6eb4eb8cd6d109f7608e) Importer(815301076,1909f56bfc062723c751e8b465ee728b)
Start importing Assets/art assets/Old Sea Port/scenes/Dock Thing.unity using Guid(f4fc660ad7cf6eb4eb8cd6d109f7608e) Importer(815301076,1909f56bfc062723c751e8b465ee728b)  -> (artifact id: '14806b421b045ea43af93c10ab32c9d8') in 0.009275 seconds 
